[0.010s] Invoking command in '/home/ju/Documents/BlueROV/bluerov2_interface/build/bluerov2_interface': CMAKE_PREFIX_PATH=/home/ju/Documents/BlueROV/bluerov2_interface/install/bluerov2_interface:/home/ju/ros2_ws/install/ueye_cam:/home/ju/ros2_ws/install/cola2_stonefish:/home/ju/ros2_ws/install/stonefish_ros2:/opt/ros/jazzy:/home/ju/ros2_ws/install/cola2_msgs:/opt/ros/jazzy/opt/gz_math_vendor:/opt/ros/jazzy/opt/gz_utils_vendor:/opt/ros/jazzy/opt/gz_cmake_vendor DEBUGINFOD_URLS=https://debuginfod.ubuntu.com PS1=\[\e]0;\u@\h: \w\a\]${debian_chroot:+($debian_chroot)}\[\033[01;32m\]\u@\h\[\033[00m\]:\[\033[01;34m\]\w\[\033[00m\]\$ VIRTUAL_ENV_PROMPT=(.venv) /usr/bin/cmake --build /home/ju/Documents/BlueROV/bluerov2_interface/build/bluerov2_interface -- -j22 -l22
[0.051s] [  2%] Built target bluerov2_interface__rosidl_generator_type_description
[0.053s] [  2%] Built target ament_cmake_python_symlink_bluerov2_bridge
[0.058s] [  2%] Built target ament_cmake_python_symlink_bluerov2_interface
[0.068s] [  5%] Built target bluerov2_interface__cpp
[0.068s] [ 20%] Built target bluerov2_interface__rosidl_generator_c
[0.084s] [ 29%] Built target bluerov2_interface__rosidl_typesupport_c
[0.084s] [ 38%] Built target bluerov2_interface__rosidl_typesupport_fastrtps_cpp
[0.085s] [ 47%] Built target bluerov2_interface__rosidl_typesupport_cpp
[0.085s] [ 55%] Built target bluerov2_interface__rosidl_typesupport_introspection_c
[0.086s] [ 64%] Built target bluerov2_interface__rosidl_typesupport_fastrtps_c
[0.087s] [ 73%] Built target bluerov2_interface__rosidl_typesupport_introspection_cpp
[0.101s] [ 73%] Built target bluerov2_interface
[0.117s] [ 76%] Built target bluerov2_interface__py
[0.135s] [ 82%] Built target bluerov2_interface__rosidl_generator_py
[0.154s] [ 88%] Built target bluerov2_interface_s__rosidl_typesupport_fastrtps_c
[0.155s] [ 94%] Built target bluerov2_interface_s__rosidl_typesupport_c
[0.155s] [100%] Built target bluerov2_interface_s__rosidl_typesupport_introspection_c
[0.174s] running egg_info
[0.181s] writing bluerov2_bridge.egg-info/PKG-INFO
[0.181s] writing dependency_links to bluerov2_bridge.egg-info/dependency_links.txt
[0.182s] writing top-level names to bluerov2_bridge.egg-info/top_level.txt
[0.184s] running egg_info
[0.192s] writing bluerov2_interface.egg-info/PKG-INFO
[0.192s] writing dependency_links to bluerov2_interface.egg-info/dependency_links.txt
[0.192s] writing top-level names to bluerov2_interface.egg-info/top_level.txt
[0.204s] reading manifest file 'bluerov2_bridge.egg-info/SOURCES.txt'
[0.205s] writing manifest file 'bluerov2_bridge.egg-info/SOURCES.txt'
[0.216s] reading manifest file 'bluerov2_interface.egg-info/SOURCES.txt'
[0.216s] writing manifest file 'bluerov2_interface.egg-info/SOURCES.txt'
[0.225s] [100%] Built target ament_cmake_python_build_bluerov2_bridge_egg
[0.238s] [100%] Built target ament_cmake_python_build_bluerov2_interface_egg
[0.246s] Invoked command in '/home/ju/Documents/BlueROV/bluerov2_interface/build/bluerov2_interface' returned '0': CMAKE_PREFIX_PATH=/home/ju/Documents/BlueROV/bluerov2_interface/install/bluerov2_interface:/home/ju/ros2_ws/install/ueye_cam:/home/ju/ros2_ws/install/cola2_stonefish:/home/ju/ros2_ws/install/stonefish_ros2:/opt/ros/jazzy:/home/ju/ros2_ws/install/cola2_msgs:/opt/ros/jazzy/opt/gz_math_vendor:/opt/ros/jazzy/opt/gz_utils_vendor:/opt/ros/jazzy/opt/gz_cmake_vendor DEBUGINFOD_URLS=https://debuginfod.ubuntu.com PS1=\[\e]0;\u@\h: \w\a\]${debian_chroot:+($debian_chroot)}\[\033[01;32m\]\u@\h\[\033[00m\]:\[\033[01;34m\]\w\[\033[00m\]\$ VIRTUAL_ENV_PROMPT=(.venv) /usr/bin/cmake --build /home/ju/Documents/BlueROV/bluerov2_interface/build/bluerov2_interface -- -j22 -l22
[0.252s] Invoking command in '/home/ju/Documents/BlueROV/bluerov2_interface/build/bluerov2_interface': CMAKE_PREFIX_PATH=/home/ju/Documents/BlueROV/bluerov2_interface/install/bluerov2_interface:/home/ju/ros2_ws/install/ueye_cam:/home/ju/ros2_ws/install/cola2_stonefish:/home/ju/ros2_ws/install/stonefish_ros2:/opt/ros/jazzy:/home/ju/ros2_ws/install/cola2_msgs:/opt/ros/jazzy/opt/gz_math_vendor:/opt/ros/jazzy/opt/gz_utils_vendor:/opt/ros/jazzy/opt/gz_cmake_vendor DEBUGINFOD_URLS=https://debuginfod.ubuntu.com PS1=\[\e]0;\u@\h: \w\a\]${debian_chroot:+($debian_chroot)}\[\033[01;32m\]\u@\h\[\033[00m\]:\[\033[01;34m\]\w\[\033[00m\]\$ VIRTUAL_ENV_PROMPT=(.venv) /usr/bin/cmake --install /home/ju/Documents/BlueROV/bluerov2_interface/build/bluerov2_interface
[0.257s] -- Install configuration: ""
[0.257s] -- Execute custom install script
[0.258s] -- Up-to-date symlink: /home/ju/Documents/BlueROV/bluerov2_interface/install/bluerov2_interface/share/ament_index/resource_index/rosidl_interfaces/bluerov2_interface
[0.258s] -- Up-to-date symlink: /home/ju/Documents/BlueROV/bluerov2_interface/install/bluerov2_interface/share/bluerov2_interface/srv/SetMode.json
[0.258s] -- Up-to-date symlink: /home/ju/Documents/BlueROV/bluerov2_interface/install/bluerov2_interface/include/bluerov2_interface/bluerov2_interface/msg/rosidl_generator_c__visibility_control.h
[0.258s] -- Up-to-date symlink: /home/ju/Documents/BlueROV/bluerov2_interface/install/bluerov2_interface/include/bluerov2_interface/bluerov2_interface/srv/detail/set_mode__functions.h
[0.258s] -- Up-to-date symlink: /home/ju/Documents/BlueROV/bluerov2_interface/install/bluerov2_interface/include/bluerov2_interface/bluerov2_interface/srv/detail/set_mode__struct.h
[0.258s] -- Up-to-date symlink: /home/ju/Documents/BlueROV/bluerov2_interface/install/bluerov2_interface/include/bluerov2_interface/bluerov2_interface/srv/detail/set_mode__type_support.h
[0.258s] -- Up-to-date symlink: /home/ju/Documents/BlueROV/bluerov2_interface/install/bluerov2_interface/include/bluerov2_interface/bluerov2_interface/srv/set_mode.h
[0.258s] -- Up-to-date symlink: /home/ju/Documents/BlueROV/bluerov2_interface/install/bluerov2_interface/share/bluerov2_interface/environment/library_path.sh
[0.258s] -- Up-to-date symlink: /home/ju/Documents/BlueROV/bluerov2_interface/install/bluerov2_interface/share/bluerov2_interface/environment/library_path.dsv
[0.259s] -- Up-to-date symlink: /home/ju/Documents/BlueROV/bluerov2_interface/install/bluerov2_interface/include/bluerov2_interface/bluerov2_interface/msg/rosidl_typesupport_fastrtps_c__visibility_control.h
[0.259s] -- Up-to-date symlink: /home/ju/Documents/BlueROV/bluerov2_interface/install/bluerov2_interface/include/bluerov2_interface/bluerov2_interface/srv/detail/set_mode__rosidl_typesupport_fastrtps_c.h
[0.259s] -- Up-to-date symlink: /home/ju/Documents/BlueROV/bluerov2_interface/install/bluerov2_interface/include/bluerov2_interface/bluerov2_interface/msg/rosidl_generator_cpp__visibility_control.hpp
[0.259s] -- Up-to-date symlink: /home/ju/Documents/BlueROV/bluerov2_interface/install/bluerov2_interface/include/bluerov2_interface/bluerov2_interface/srv/detail/set_mode__builder.hpp
[0.259s] -- Up-to-date symlink: /home/ju/Documents/BlueROV/bluerov2_interface/install/bluerov2_interface/include/bluerov2_interface/bluerov2_interface/srv/detail/set_mode__struct.hpp
[0.259s] -- Up-to-date symlink: /home/ju/Documents/BlueROV/bluerov2_interface/install/bluerov2_interface/include/bluerov2_interface/bluerov2_interface/srv/detail/set_mode__traits.hpp
[0.259s] -- Up-to-date symlink: /home/ju/Documents/BlueROV/bluerov2_interface/install/bluerov2_interface/include/bluerov2_interface/bluerov2_interface/srv/detail/set_mode__type_support.hpp
[0.259s] -- Up-to-date symlink: /home/ju/Documents/BlueROV/bluerov2_interface/install/bluerov2_interface/include/bluerov2_interface/bluerov2_interface/srv/set_mode.hpp
[0.259s] -- Up-to-date symlink: /home/ju/Documents/BlueROV/bluerov2_interface/install/bluerov2_interface/include/bluerov2_interface/bluerov2_interface/msg/rosidl_typesupport_fastrtps_cpp__visibility_control.h
[0.259s] -- Up-to-date symlink: /home/ju/Documents/BlueROV/bluerov2_interface/install/bluerov2_interface/include/bluerov2_interface/bluerov2_interface/srv/detail/set_mode__rosidl_typesupport_fastrtps_cpp.hpp
[0.260s] -- Up-to-date symlink: /home/ju/Documents/BlueROV/bluerov2_interface/install/bluerov2_interface/include/bluerov2_interface/bluerov2_interface/msg/rosidl_typesupport_introspection_c__visibility_control.h
[0.260s] -- Up-to-date symlink: /home/ju/Documents/BlueROV/bluerov2_interface/install/bluerov2_interface/include/bluerov2_interface/bluerov2_interface/srv/detail/set_mode__rosidl_typesupport_introspection_c.h
[0.260s] -- Up-to-date symlink: /home/ju/Documents/BlueROV/bluerov2_interface/install/bluerov2_interface/include/bluerov2_interface/bluerov2_interface/srv/detail/set_mode__rosidl_typesupport_introspection_cpp.hpp
[0.260s] -- Up-to-date symlink: /home/ju/Documents/BlueROV/bluerov2_interface/install/bluerov2_interface/share/bluerov2_interface/environment/pythonpath.sh
[0.260s] -- Up-to-date symlink: /home/ju/Documents/BlueROV/bluerov2_interface/install/bluerov2_interface/share/bluerov2_interface/environment/pythonpath.dsv
[0.260s] -- Up-to-date symlink: /home/ju/Documents/BlueROV/bluerov2_interface/install/bluerov2_interface/lib/python3.12/site-packages/bluerov2_interface-0.0.0-py3.12.egg-info/PKG-INFO
[0.260s] -- Up-to-date symlink: /home/ju/Documents/BlueROV/bluerov2_interface/install/bluerov2_interface/lib/python3.12/site-packages/bluerov2_interface-0.0.0-py3.12.egg-info/SOURCES.txt
[0.260s] -- Up-to-date symlink: /home/ju/Documents/BlueROV/bluerov2_interface/install/bluerov2_interface/lib/python3.12/site-packages/bluerov2_interface-0.0.0-py3.12.egg-info/dependency_links.txt
[0.261s] -- Up-to-date symlink: /home/ju/Documents/BlueROV/bluerov2_interface/install/bluerov2_interface/lib/python3.12/site-packages/bluerov2_interface-0.0.0-py3.12.egg-info/top_level.txt
[0.261s] -- Up-to-date symlink: /home/ju/Documents/BlueROV/bluerov2_interface/install/bluerov2_interface/lib/python3.12/site-packages/bluerov2_interface/__init__.py
[0.261s] -- Up-to-date symlink: /home/ju/Documents/BlueROV/bluerov2_interface/install/bluerov2_interface/lib/python3.12/site-packages/bluerov2_interface/_bluerov2_interface_s.ep.rosidl_typesupport_c.c
[0.261s] -- Up-to-date symlink: /home/ju/Documents/BlueROV/bluerov2_interface/install/bluerov2_interface/lib/python3.12/site-packages/bluerov2_interface/_bluerov2_interface_s.ep.rosidl_typesupport_fastrtps_c.c
[0.261s] -- Up-to-date symlink: /home/ju/Documents/BlueROV/bluerov2_interface/install/bluerov2_interface/lib/python3.12/site-packages/bluerov2_interface/_bluerov2_interface_s.ep.rosidl_typesupport_introspection_c.c
[0.261s] -- Up-to-date symlink: /home/ju/Documents/BlueROV/bluerov2_interface/install/bluerov2_interface/lib/python3.12/site-packages/bluerov2_interface/bluerov2_interface_s__rosidl_typesupport_c.so
[0.261s] -- Up-to-date symlink: /home/ju/Documents/BlueROV/bluerov2_interface/install/bluerov2_interface/lib/python3.12/site-packages/bluerov2_interface/bluerov2_interface_s__rosidl_typesupport_fastrtps_c.so
[0.261s] -- Up-to-date symlink: /home/ju/Documents/BlueROV/bluerov2_interface/install/bluerov2_interface/lib/python3.12/site-packages/bluerov2_interface/bluerov2_interface_s__rosidl_typesupport_introspection_c.so
[0.261s] -- Up-to-date symlink: /home/ju/Documents/BlueROV/bluerov2_interface/install/bluerov2_interface/lib/python3.12/site-packages/bluerov2_interface/srv/__init__.py
[0.261s] -- Up-to-date symlink: /home/ju/Documents/BlueROV/bluerov2_interface/install/bluerov2_interface/lib/python3.12/site-packages/bluerov2_interface/srv/_set_mode.py
[0.261s] -- Up-to-date symlink: /home/ju/Documents/BlueROV/bluerov2_interface/install/bluerov2_interface/lib/python3.12/site-packages/bluerov2_interface/srv/_set_mode_s.c
[0.261s] -- Up-to-date symlink: /home/ju/Documents/BlueROV/bluerov2_interface/install/bluerov2_interface/lib/python3.12/site-packages/bluerov2_interface/bluerov2_interface_s__rosidl_typesupport_fastrtps_c.so
[0.262s] -- Up-to-date symlink: /home/ju/Documents/BlueROV/bluerov2_interface/install/bluerov2_interface/lib/python3.12/site-packages/bluerov2_interface/bluerov2_interface_s__rosidl_typesupport_introspection_c.so
[0.262s] -- Up-to-date symlink: /home/ju/Documents/BlueROV/bluerov2_interface/install/bluerov2_interface/lib/python3.12/site-packages/bluerov2_interface/bluerov2_interface_s__rosidl_typesupport_c.so
[0.262s] -- Up-to-date symlink: /home/ju/Documents/BlueROV/bluerov2_interface/install/bluerov2_interface/share/bluerov2_interface/srv/SetMode.idl
[0.262s] -- Up-to-date symlink: /home/ju/Documents/BlueROV/bluerov2_interface/install/bluerov2_interface/share/bluerov2_interface/srv/SetMode.srv
[0.262s] -- Up-to-date symlink: /home/ju/Documents/BlueROV/bluerov2_interface/install/bluerov2_interface/lib/python3.12/site-packages/bluerov2_bridge-0.0.0-py3.12.egg-info/PKG-INFO
[0.262s] -- Up-to-date symlink: /home/ju/Documents/BlueROV/bluerov2_interface/install/bluerov2_interface/lib/python3.12/site-packages/bluerov2_bridge-0.0.0-py3.12.egg-info/SOURCES.txt
[0.262s] -- Up-to-date symlink: /home/ju/Documents/BlueROV/bluerov2_interface/install/bluerov2_interface/lib/python3.12/site-packages/bluerov2_bridge-0.0.0-py3.12.egg-info/dependency_links.txt
[0.262s] -- Up-to-date symlink: /home/ju/Documents/BlueROV/bluerov2_interface/install/bluerov2_interface/lib/python3.12/site-packages/bluerov2_bridge-0.0.0-py3.12.egg-info/top_level.txt
[0.262s] -- Up-to-date symlink: /home/ju/Documents/BlueROV/bluerov2_interface/install/bluerov2_interface/lib/python3.12/site-packages/bluerov2_bridge/__init__.py
[0.262s] -- Up-to-date symlink: /home/ju/Documents/BlueROV/bluerov2_interface/install/bluerov2_interface/lib/python3.12/site-packages/bluerov2_bridge/bridge.py
[0.262s] -- Up-to-date symlink: /home/ju/Documents/BlueROV/bluerov2_interface/install/bluerov2_interface/lib/python3.12/site-packages/bluerov2_bridge/publishers.py
[0.262s] -- Up-to-date symlink: /home/ju/Documents/BlueROV/bluerov2_interface/install/bluerov2_interface/lib/python3.12/site-packages/bluerov2_bridge/services.py
[0.262s] -- Up-to-date symlink: /home/ju/Documents/BlueROV/bluerov2_interface/install/bluerov2_interface/lib/python3.12/site-packages/bluerov2_bridge/subscribers.py
[0.262s] -- Up-to-date symlink: /home/ju/Documents/BlueROV/bluerov2_interface/install/bluerov2_interface/lib/bluerov2_interface/node.py
[0.262s] -- Up-to-date symlink: /home/ju/Documents/BlueROV/bluerov2_interface/install/bluerov2_interface/lib/bluerov2_interface/teleop.py
[0.263s] -- Up-to-date symlink: /home/ju/Documents/BlueROV/bluerov2_interface/install/bluerov2_interface/share/bluerov2_interface//launch/bluerov2_launch.xml
[0.263s] -- Up-to-date symlink: /home/ju/Documents/BlueROV/bluerov2_interface/install/bluerov2_interface/share/ament_index/resource_index/package_run_dependencies/bluerov2_interface
[0.263s] -- Up-to-date symlink: /home/ju/Documents/BlueROV/bluerov2_interface/install/bluerov2_interface/share/ament_index/resource_index/parent_prefix_path/bluerov2_interface
[0.263s] -- Up-to-date symlink: /home/ju/Documents/BlueROV/bluerov2_interface/install/bluerov2_interface/share/bluerov2_interface/environment/ament_prefix_path.sh
[0.263s] -- Up-to-date symlink: /home/ju/Documents/BlueROV/bluerov2_interface/install/bluerov2_interface/share/bluerov2_interface/environment/ament_prefix_path.dsv
[0.263s] -- Up-to-date symlink: /home/ju/Documents/BlueROV/bluerov2_interface/install/bluerov2_interface/share/bluerov2_interface/environment/path.sh
[0.263s] -- Up-to-date symlink: /home/ju/Documents/BlueROV/bluerov2_interface/install/bluerov2_interface/share/bluerov2_interface/environment/path.dsv
[0.263s] -- Up-to-date symlink: /home/ju/Documents/BlueROV/bluerov2_interface/install/bluerov2_interface/share/bluerov2_interface/local_setup.bash
[0.264s] -- Up-to-date symlink: /home/ju/Documents/BlueROV/bluerov2_interface/install/bluerov2_interface/share/bluerov2_interface/local_setup.sh
[0.264s] -- Up-to-date symlink: /home/ju/Documents/BlueROV/bluerov2_interface/install/bluerov2_interface/share/bluerov2_interface/local_setup.zsh
[0.264s] -- Up-to-date symlink: /home/ju/Documents/BlueROV/bluerov2_interface/install/bluerov2_interface/share/bluerov2_interface/local_setup.dsv
[0.264s] -- Symlinking: /home/ju/Documents/BlueROV/bluerov2_interface/install/bluerov2_interface/share/bluerov2_interface/package.dsv
[0.269s] -- Up-to-date symlink: /home/ju/Documents/BlueROV/bluerov2_interface/install/bluerov2_interface/share/ament_index/resource_index/packages/bluerov2_interface
[0.269s] -- Up-to-date symlink: /home/ju/Documents/BlueROV/bluerov2_interface/install/bluerov2_interface/share/bluerov2_interface/cmake/rosidl_cmake-extras.cmake
[0.269s] -- Up-to-date symlink: /home/ju/Documents/BlueROV/bluerov2_interface/install/bluerov2_interface/share/bluerov2_interface/cmake/ament_cmake_export_dependencies-extras.cmake
[0.269s] -- Up-to-date symlink: /home/ju/Documents/BlueROV/bluerov2_interface/install/bluerov2_interface/share/bluerov2_interface/cmake/ament_cmake_export_include_directories-extras.cmake
[0.270s] -- Up-to-date symlink: /home/ju/Documents/BlueROV/bluerov2_interface/install/bluerov2_interface/share/bluerov2_interface/cmake/ament_cmake_export_libraries-extras.cmake
[0.270s] -- Up-to-date symlink: /home/ju/Documents/BlueROV/bluerov2_interface/install/bluerov2_interface/share/bluerov2_interface/cmake/ament_cmake_export_targets-extras.cmake
[0.270s] -- Up-to-date symlink: /home/ju/Documents/BlueROV/bluerov2_interface/install/bluerov2_interface/share/bluerov2_interface/cmake/rosidl_cmake_export_typesupport_targets-extras.cmake
[0.270s] -- Up-to-date symlink: /home/ju/Documents/BlueROV/bluerov2_interface/install/bluerov2_interface/share/bluerov2_interface/cmake/rosidl_cmake_export_typesupport_libraries-extras.cmake
[0.270s] -- Up-to-date symlink: /home/ju/Documents/BlueROV/bluerov2_interface/install/bluerov2_interface/share/bluerov2_interface/cmake/bluerov2_interfaceConfig.cmake
[0.270s] -- Up-to-date symlink: /home/ju/Documents/BlueROV/bluerov2_interface/install/bluerov2_interface/share/bluerov2_interface/cmake/bluerov2_interfaceConfig-version.cmake
[0.270s] -- Up-to-date symlink: /home/ju/Documents/BlueROV/bluerov2_interface/install/bluerov2_interface/share/bluerov2_interface/package.xml
[0.293s] Listing '/home/ju/Documents/BlueROV/bluerov2_interface/install/bluerov2_interface/lib/python3.12/site-packages/bluerov2_interface'...
[0.293s] Listing '/home/ju/Documents/BlueROV/bluerov2_interface/install/bluerov2_interface/lib/python3.12/site-packages/bluerov2_interface/srv'...
[0.317s] Listing '/home/ju/Documents/BlueROV/bluerov2_interface/install/bluerov2_interface/lib/python3.12/site-packages/bluerov2_bridge'...
[0.322s] Invoked command in '/home/ju/Documents/BlueROV/bluerov2_interface/build/bluerov2_interface' returned '0': CMAKE_PREFIX_PATH=/home/ju/Documents/BlueROV/bluerov2_interface/install/bluerov2_interface:/home/ju/ros2_ws/install/ueye_cam:/home/ju/ros2_ws/install/cola2_stonefish:/home/ju/ros2_ws/install/stonefish_ros2:/opt/ros/jazzy:/home/ju/ros2_ws/install/cola2_msgs:/opt/ros/jazzy/opt/gz_math_vendor:/opt/ros/jazzy/opt/gz_utils_vendor:/opt/ros/jazzy/opt/gz_cmake_vendor DEBUGINFOD_URLS=https://debuginfod.ubuntu.com PS1=\[\e]0;\u@\h: \w\a\]${debian_chroot:+($debian_chroot)}\[\033[01;32m\]\u@\h\[\033[00m\]:\[\033[01;34m\]\w\[\033[00m\]\$ VIRTUAL_ENV_PROMPT=(.venv) /usr/bin/cmake --install /home/ju/Documents/BlueROV/bluerov2_interface/build/bluerov2_interface
