-- Found ament_cmake: 2.5.3 (/opt/ros/jazzy/share/ament_cmake/cmake)
-- Override CMake install command with custom implementation using symlinks instead of copying resources
-- Found rclcpp: 28.1.6 (/opt/ros/jazzy/share/rclcpp/cmake)
-- Found rosidl_generator_c: 4.6.5 (/opt/ros/jazzy/share/rosidl_generator_c/cmake)
-- Found rosidl_generator_cpp: 4.6.5 (/opt/ros/jazzy/share/rosidl_generator_cpp/cmake)
-- Using all available rosidl_typesupport_c: rosidl_typesupport_fastrtps_c;rosidl_typesupport_introspection_c
-- Using all available rosidl_typesupport_cpp: rosidl_typesupport_fastrtps_cpp;rosidl_typesupport_introspection_cpp
-- Found rmw_implementation_cmake: 7.3.1 (/opt/ros/jazzy/share/rmw_implementation_cmake/cmake)
-- Found rmw_fastrtps_cpp: 8.4.1 (/opt/ros/jazzy/share/rmw_fastrtps_cpp/cmake)
-- Using RMW implementation 'rmw_fastrtps_cpp' as default
-- Found rclpy: 7.1.3 (/opt/ros/jazzy/share/rclpy/cmake)
-- Found rosidl_default_generators: 1.6.0 (/opt/ros/jazzy/share/rosidl_default_generators/cmake)
-- Found rosidl_adapter: 4.6.5 (/opt/ros/jazzy/share/rosidl_adapter/cmake)
-- Found ament_cmake_ros: 0.12.0 (/opt/ros/jazzy/share/ament_cmake_ros/cmake)
-- Using all available rosidl_typesupport_c: rosidl_typesupport_fastrtps_c;rosidl_typesupport_introspection_c
-- Using all available rosidl_typesupport_cpp: rosidl_typesupport_fastrtps_cpp;rosidl_typesupport_introspection_cpp
-- Found python_cmake_module: 0.11.1 (/opt/ros/jazzy/share/python_cmake_module/cmake)
-- Found PythonExtra: /home/ju/.venv/bin/python3  
-- Found Python3: /home/ju/.venv/bin/python3 (found version "3.12.3") found components: Interpreter Development NumPy Development.Module Development.Embed 
-- Found ament_lint_auto: 0.17.1 (/opt/ros/jazzy/share/ament_lint_auto/cmake)
-- Added test 'cppcheck' to perform static code analysis on C / C++ code
-- Configured cppcheck include dirs: $<BUILD_INTERFACE:/home/ju/Documents/BlueROV/bluerov2_interface/build/bluerov2_interface/rosidl_generator_c>;$<BUILD_INTERFACE:/home/ju/Documents/BlueROV/bluerov2_interface/build/bluerov2_interface/rosidl_typesupport_fastrtps_c>;$<BUILD_INTERFACE:/home/ju/Documents/BlueROV/bluerov2_interface/build/bluerov2_interface/rosidl_generator_cpp>;$<BUILD_INTERFACE:/home/ju/Documents/BlueROV/bluerov2_interface/build/bluerov2_interface/rosidl_typesupport_fastrtps_cpp>;$<BUILD_INTERFACE:/home/ju/Documents/BlueROV/bluerov2_interface/build/bluerov2_interface/rosidl_typesupport_introspection_c>;$<BUILD_INTERFACE:/home/ju/Documents/BlueROV/bluerov2_interface/build/bluerov2_interface/rosidl_typesupport_introspection_cpp>;/home/ju/Documents/BlueROV/bluerov2_interface/build/bluerov2_interface/rosidl_generator_c;/home/ju/Documents/BlueROV/bluerov2_interface/build/bluerov2_interface/rosidl_generator_py
-- Configured cppcheck exclude dirs and/or files: 
-- Added test 'flake8' to check Python code syntax and style conventions
-- Configured 'flake8' exclude dirs and/or files: 
-- Added test 'lint_cmake' to check CMake code style
-- Added test 'pep257' to check Python code against some of the docstring style conventions in PEP 257
-- Added test 'uncrustify' to check C / C++ code style
-- Configured uncrustify additional arguments: 
-- Added test 'xmllint' to check XML markup files
-- Configuring done (1.7s)
-- Generating done (0.0s)
-- Build files have been written to: /home/ju/Documents/BlueROV/bluerov2_interface/build/bluerov2_interface
[  2%] [34m[1mGenerating type hashes for ROS interfaces[0m
[  2%] Built target ament_cmake_python_symlink_bluerov2_interface
[  2%] Built target ament_cmake_python_symlink_bluerov2_bridge
[  2%] Built target bluerov2_interface__rosidl_generator_type_description
running egg_info
running egg_info
[  5%] [34m[1mGenerating C code for ROS interfaces[0m
creating bluerov2_bridge.egg-info
writing bluerov2_bridge.egg-info/PKG-INFO
writing dependency_links to bluerov2_bridge.egg-info/dependency_links.txt
writing top-level names to bluerov2_bridge.egg-info/top_level.txt
writing manifest file 'bluerov2_bridge.egg-info/SOURCES.txt'
creating bluerov2_interface.egg-info
writing bluerov2_interface.egg-info/PKG-INFO
writing dependency_links to bluerov2_interface.egg-info/dependency_links.txt
writing top-level names to bluerov2_interface.egg-info/top_level.txt
writing manifest file 'bluerov2_interface.egg-info/SOURCES.txt'
[  8%] [34m[1mGenerating C++ code for ROS interfaces[0m
reading manifest file 'bluerov2_interface.egg-info/SOURCES.txt'
writing manifest file 'bluerov2_interface.egg-info/SOURCES.txt'
reading manifest file 'bluerov2_bridge.egg-info/SOURCES.txt'
writing manifest file 'bluerov2_bridge.egg-info/SOURCES.txt'
[  8%] Built target ament_cmake_python_build_bluerov2_bridge_egg
[  8%] Built target ament_cmake_python_build_bluerov2_interface_egg
[  8%] Built target bluerov2_interface__cpp
[ 11%] [32mBuilding C object CMakeFiles/bluerov2_interface__rosidl_generator_c.dir/rosidl_generator_c/bluerov2_interface/srv/detail/set_mode__functions.c.o[0m
[ 14%] [32mBuilding C object CMakeFiles/bluerov2_interface__rosidl_generator_c.dir/rosidl_generator_c/bluerov2_interface/srv/detail/set_mode__description.c.o[0m
[ 17%] [32mBuilding C object CMakeFiles/bluerov2_interface__rosidl_generator_c.dir/rosidl_generator_c/bluerov2_interface/srv/detail/set_mode__type_support.c.o[0m
[ 20%] [32m[1mLinking C shared library libbluerov2_interface__rosidl_generator_c.so[0m
[ 20%] Built target bluerov2_interface__rosidl_generator_c
[ 26%] [34m[1mGenerating C++ introspection for ROS interfaces[0m
[ 26%] [34m[1mGenerating C introspection for ROS interfaces[0m
[ 29%] [34m[1mGenerating C type support dispatch for ROS interfaces[0m
[ 32%] [34m[1mGenerating C++ type support for eProsima Fast-RTPS[0m
[ 38%] [34m[1mGenerating C type support for eProsima Fast-RTPS[0m
[ 38%] [34m[1mGenerating C++ type support dispatch for ROS interfaces[0m
[ 41%] [32mBuilding CXX object CMakeFiles/bluerov2_interface__rosidl_typesupport_c.dir/rosidl_typesupport_c/bluerov2_interface/srv/set_mode__type_support.cpp.o[0m
[ 44%] [32mBuilding CXX object CMakeFiles/bluerov2_interface__rosidl_typesupport_cpp.dir/rosidl_typesupport_cpp/bluerov2_interface/srv/set_mode__type_support.cpp.o[0m
[ 47%] [32mBuilding C object CMakeFiles/bluerov2_interface__rosidl_typesupport_introspection_c.dir/rosidl_typesupport_introspection_c/bluerov2_interface/srv/detail/set_mode__type_support.c.o[0m
[ 50%] [32m[1mLinking CXX shared library libbluerov2_interface__rosidl_typesupport_c.so[0m
[ 52%] [32mBuilding CXX object CMakeFiles/bluerov2_interface__rosidl_typesupport_introspection_cpp.dir/rosidl_typesupport_introspection_cpp/bluerov2_interface/srv/detail/set_mode__type_support.cpp.o[0m
[ 55%] [32mBuilding CXX object CMakeFiles/bluerov2_interface__rosidl_typesupport_fastrtps_cpp.dir/rosidl_typesupport_fastrtps_cpp/bluerov2_interface/srv/detail/dds_fastrtps/set_mode__type_support.cpp.o[0m
[ 58%] [32m[1mLinking C shared library libbluerov2_interface__rosidl_typesupport_introspection_c.so[0m
[ 58%] Built target bluerov2_interface__rosidl_typesupport_c
[ 61%] [32mBuilding CXX object CMakeFiles/bluerov2_interface__rosidl_typesupport_fastrtps_c.dir/rosidl_typesupport_fastrtps_c/bluerov2_interface/srv/detail/set_mode__type_support_c.cpp.o[0m
[ 61%] Built target bluerov2_interface__rosidl_typesupport_introspection_c
[ 64%] [32m[1mLinking CXX shared library libbluerov2_interface__rosidl_typesupport_cpp.so[0m
[ 67%] [32m[1mLinking CXX shared library libbluerov2_interface__rosidl_typesupport_introspection_cpp.so[0m
[ 67%] Built target bluerov2_interface__rosidl_typesupport_cpp
[ 67%] Built target bluerov2_interface__rosidl_typesupport_introspection_cpp
[ 70%] [32m[1mLinking CXX shared library libbluerov2_interface__rosidl_typesupport_fastrtps_c.so[0m
[ 70%] Built target bluerov2_interface__rosidl_typesupport_fastrtps_c
[ 73%] [32m[1mLinking CXX shared library libbluerov2_interface__rosidl_typesupport_fastrtps_cpp.so[0m
[ 73%] Built target bluerov2_interface__rosidl_typesupport_fastrtps_cpp
[ 73%] Built target bluerov2_interface
[ 76%] [34m[1mGenerating Python code for ROS interfaces[0m
[ 76%] Built target bluerov2_interface__py
[ 79%] [32mBuilding C object CMakeFiles/bluerov2_interface__rosidl_generator_py.dir/rosidl_generator_py/bluerov2_interface/srv/_set_mode_s.c.o[0m
[ 82%] [32m[1mLinking C shared library libbluerov2_interface__rosidl_generator_py.so[0m
[ 82%] Built target bluerov2_interface__rosidl_generator_py
[ 85%] [32mBuilding C object CMakeFiles/bluerov2_interface_s__rosidl_typesupport_fastrtps_c.dir/rosidl_generator_py/bluerov2_interface/_bluerov2_interface_s.ep.rosidl_typesupport_fastrtps_c.c.o[0m
[ 88%] [32mBuilding C object CMakeFiles/bluerov2_interface_s__rosidl_typesupport_introspection_c.dir/rosidl_generator_py/bluerov2_interface/_bluerov2_interface_s.ep.rosidl_typesupport_introspection_c.c.o[0m
[ 91%] [32mBuilding C object CMakeFiles/bluerov2_interface_s__rosidl_typesupport_c.dir/rosidl_generator_py/bluerov2_interface/_bluerov2_interface_s.ep.rosidl_typesupport_c.c.o[0m
[ 94%] [32m[1mLinking C shared module rosidl_generator_py/bluerov2_interface/bluerov2_interface_s__rosidl_typesupport_fastrtps_c.so[0m
[100%] [32m[1mLinking C shared module rosidl_generator_py/bluerov2_interface/bluerov2_interface_s__rosidl_typesupport_c.so[0m
[100%] [32m[1mLinking C shared module rosidl_generator_py/bluerov2_interface/bluerov2_interface_s__rosidl_typesupport_introspection_c.so[0m
[100%] Built target bluerov2_interface_s__rosidl_typesupport_fastrtps_c
[100%] Built target bluerov2_interface_s__rosidl_typesupport_introspection_c
[100%] Built target bluerov2_interface_s__rosidl_typesupport_c
-- Install configuration: ""
-- Execute custom install script
-- Symlinking: /home/ju/Documents/BlueROV/bluerov2_interface/install/bluerov2_interface/share/ament_index/resource_index/rosidl_interfaces/bluerov2_interface
-- Symlinking: /home/ju/Documents/BlueROV/bluerov2_interface/install/bluerov2_interface/share/bluerov2_interface/srv/SetMode.json
-- Symlinking: /home/ju/Documents/BlueROV/bluerov2_interface/install/bluerov2_interface/include/bluerov2_interface/bluerov2_interface/msg/rosidl_generator_c__visibility_control.h
-- Symlinking: /home/ju/Documents/BlueROV/bluerov2_interface/install/bluerov2_interface/include/bluerov2_interface/bluerov2_interface/srv/detail/set_mode__functions.h
-- Symlinking: /home/ju/Documents/BlueROV/bluerov2_interface/install/bluerov2_interface/include/bluerov2_interface/bluerov2_interface/srv/detail/set_mode__struct.h
-- Symlinking: /home/ju/Documents/BlueROV/bluerov2_interface/install/bluerov2_interface/include/bluerov2_interface/bluerov2_interface/srv/detail/set_mode__type_support.h
-- Symlinking: /home/ju/Documents/BlueROV/bluerov2_interface/install/bluerov2_interface/include/bluerov2_interface/bluerov2_interface/srv/set_mode.h
-- Symlinking: /home/ju/Documents/BlueROV/bluerov2_interface/install/bluerov2_interface/share/bluerov2_interface/environment/library_path.sh
-- Symlinking: /home/ju/Documents/BlueROV/bluerov2_interface/install/bluerov2_interface/share/bluerov2_interface/environment/library_path.dsv
-- Symlinking: /home/ju/Documents/BlueROV/bluerov2_interface/install/bluerov2_interface/include/bluerov2_interface/bluerov2_interface/msg/rosidl_typesupport_fastrtps_c__visibility_control.h
-- Symlinking: /home/ju/Documents/BlueROV/bluerov2_interface/install/bluerov2_interface/include/bluerov2_interface/bluerov2_interface/srv/detail/set_mode__rosidl_typesupport_fastrtps_c.h
-- Symlinking: /home/ju/Documents/BlueROV/bluerov2_interface/install/bluerov2_interface/include/bluerov2_interface/bluerov2_interface/msg/rosidl_generator_cpp__visibility_control.hpp
-- Symlinking: /home/ju/Documents/BlueROV/bluerov2_interface/install/bluerov2_interface/include/bluerov2_interface/bluerov2_interface/srv/detail/set_mode__builder.hpp
-- Symlinking: /home/ju/Documents/BlueROV/bluerov2_interface/install/bluerov2_interface/include/bluerov2_interface/bluerov2_interface/srv/detail/set_mode__struct.hpp
-- Symlinking: /home/ju/Documents/BlueROV/bluerov2_interface/install/bluerov2_interface/include/bluerov2_interface/bluerov2_interface/srv/detail/set_mode__traits.hpp
-- Symlinking: /home/ju/Documents/BlueROV/bluerov2_interface/install/bluerov2_interface/include/bluerov2_interface/bluerov2_interface/srv/detail/set_mode__type_support.hpp
-- Symlinking: /home/ju/Documents/BlueROV/bluerov2_interface/install/bluerov2_interface/include/bluerov2_interface/bluerov2_interface/srv/set_mode.hpp
-- Symlinking: /home/ju/Documents/BlueROV/bluerov2_interface/install/bluerov2_interface/include/bluerov2_interface/bluerov2_interface/msg/rosidl_typesupport_fastrtps_cpp__visibility_control.h
-- Symlinking: /home/ju/Documents/BlueROV/bluerov2_interface/install/bluerov2_interface/include/bluerov2_interface/bluerov2_interface/srv/detail/set_mode__rosidl_typesupport_fastrtps_cpp.hpp
-- Symlinking: /home/ju/Documents/BlueROV/bluerov2_interface/install/bluerov2_interface/include/bluerov2_interface/bluerov2_interface/msg/rosidl_typesupport_introspection_c__visibility_control.h
-- Symlinking: /home/ju/Documents/BlueROV/bluerov2_interface/install/bluerov2_interface/include/bluerov2_interface/bluerov2_interface/srv/detail/set_mode__rosidl_typesupport_introspection_c.h
-- Symlinking: /home/ju/Documents/BlueROV/bluerov2_interface/install/bluerov2_interface/include/bluerov2_interface/bluerov2_interface/srv/detail/set_mode__rosidl_typesupport_introspection_cpp.hpp
-- Symlinking: /home/ju/Documents/BlueROV/bluerov2_interface/install/bluerov2_interface/share/bluerov2_interface/environment/pythonpath.sh
-- Symlinking: /home/ju/Documents/BlueROV/bluerov2_interface/install/bluerov2_interface/share/bluerov2_interface/environment/pythonpath.dsv
-- Symlinking: /home/ju/Documents/BlueROV/bluerov2_interface/install/bluerov2_interface/lib/python3.12/site-packages/bluerov2_interface-0.0.0-py3.12.egg-info/PKG-INFO
-- Symlinking: /home/ju/Documents/BlueROV/bluerov2_interface/install/bluerov2_interface/lib/python3.12/site-packages/bluerov2_interface-0.0.0-py3.12.egg-info/SOURCES.txt
-- Symlinking: /home/ju/Documents/BlueROV/bluerov2_interface/install/bluerov2_interface/lib/python3.12/site-packages/bluerov2_interface-0.0.0-py3.12.egg-info/dependency_links.txt
-- Symlinking: /home/ju/Documents/BlueROV/bluerov2_interface/install/bluerov2_interface/lib/python3.12/site-packages/bluerov2_interface-0.0.0-py3.12.egg-info/top_level.txt
-- Symlinking: /home/ju/Documents/BlueROV/bluerov2_interface/install/bluerov2_interface/lib/python3.12/site-packages/bluerov2_interface/__init__.py
-- Symlinking: /home/ju/Documents/BlueROV/bluerov2_interface/install/bluerov2_interface/lib/python3.12/site-packages/bluerov2_interface/_bluerov2_interface_s.ep.rosidl_typesupport_c.c
-- Symlinking: /home/ju/Documents/BlueROV/bluerov2_interface/install/bluerov2_interface/lib/python3.12/site-packages/bluerov2_interface/_bluerov2_interface_s.ep.rosidl_typesupport_fastrtps_c.c
-- Symlinking: /home/ju/Documents/BlueROV/bluerov2_interface/install/bluerov2_interface/lib/python3.12/site-packages/bluerov2_interface/_bluerov2_interface_s.ep.rosidl_typesupport_introspection_c.c
-- Symlinking: /home/ju/Documents/BlueROV/bluerov2_interface/install/bluerov2_interface/lib/python3.12/site-packages/bluerov2_interface/bluerov2_interface_s__rosidl_typesupport_c.so
-- Symlinking: /home/ju/Documents/BlueROV/bluerov2_interface/install/bluerov2_interface/lib/python3.12/site-packages/bluerov2_interface/bluerov2_interface_s__rosidl_typesupport_fastrtps_c.so
-- Symlinking: /home/ju/Documents/BlueROV/bluerov2_interface/install/bluerov2_interface/lib/python3.12/site-packages/bluerov2_interface/bluerov2_interface_s__rosidl_typesupport_introspection_c.so
-- Symlinking: /home/ju/Documents/BlueROV/bluerov2_interface/install/bluerov2_interface/lib/python3.12/site-packages/bluerov2_interface/srv/__init__.py
-- Symlinking: /home/ju/Documents/BlueROV/bluerov2_interface/install/bluerov2_interface/lib/python3.12/site-packages/bluerov2_interface/srv/_set_mode.py
-- Symlinking: /home/ju/Documents/BlueROV/bluerov2_interface/install/bluerov2_interface/lib/python3.12/site-packages/bluerov2_interface/srv/_set_mode_s.c
-- Up-to-date symlink: /home/ju/Documents/BlueROV/bluerov2_interface/install/bluerov2_interface/lib/python3.12/site-packages/bluerov2_interface/bluerov2_interface_s__rosidl_typesupport_fastrtps_c.so
-- Up-to-date symlink: /home/ju/Documents/BlueROV/bluerov2_interface/install/bluerov2_interface/lib/python3.12/site-packages/bluerov2_interface/bluerov2_interface_s__rosidl_typesupport_introspection_c.so
-- Up-to-date symlink: /home/ju/Documents/BlueROV/bluerov2_interface/install/bluerov2_interface/lib/python3.12/site-packages/bluerov2_interface/bluerov2_interface_s__rosidl_typesupport_c.so
-- Symlinking: /home/ju/Documents/BlueROV/bluerov2_interface/install/bluerov2_interface/share/bluerov2_interface/srv/SetMode.idl
-- Symlinking: /home/ju/Documents/BlueROV/bluerov2_interface/install/bluerov2_interface/share/bluerov2_interface/srv/SetMode.srv
-- Symlinking: /home/ju/Documents/BlueROV/bluerov2_interface/install/bluerov2_interface/lib/python3.12/site-packages/bluerov2_bridge-0.0.0-py3.12.egg-info/PKG-INFO
-- Symlinking: /home/ju/Documents/BlueROV/bluerov2_interface/install/bluerov2_interface/lib/python3.12/site-packages/bluerov2_bridge-0.0.0-py3.12.egg-info/SOURCES.txt
-- Symlinking: /home/ju/Documents/BlueROV/bluerov2_interface/install/bluerov2_interface/lib/python3.12/site-packages/bluerov2_bridge-0.0.0-py3.12.egg-info/dependency_links.txt
-- Symlinking: /home/ju/Documents/BlueROV/bluerov2_interface/install/bluerov2_interface/lib/python3.12/site-packages/bluerov2_bridge-0.0.0-py3.12.egg-info/top_level.txt
-- Symlinking: /home/ju/Documents/BlueROV/bluerov2_interface/install/bluerov2_interface/lib/python3.12/site-packages/bluerov2_bridge/__init__.py
-- Symlinking: /home/ju/Documents/BlueROV/bluerov2_interface/install/bluerov2_interface/lib/python3.12/site-packages/bluerov2_bridge/bridge.py
-- Symlinking: /home/ju/Documents/BlueROV/bluerov2_interface/install/bluerov2_interface/lib/python3.12/site-packages/bluerov2_bridge/publishers.py
-- Symlinking: /home/ju/Documents/BlueROV/bluerov2_interface/install/bluerov2_interface/lib/python3.12/site-packages/bluerov2_bridge/services.py
-- Symlinking: /home/ju/Documents/BlueROV/bluerov2_interface/install/bluerov2_interface/lib/python3.12/site-packages/bluerov2_bridge/subscribers.py
-- Symlinking: /home/ju/Documents/BlueROV/bluerov2_interface/install/bluerov2_interface/lib/bluerov2_interface/node.py
-- Symlinking: /home/ju/Documents/BlueROV/bluerov2_interface/install/bluerov2_interface/lib/bluerov2_interface/teleop.py
-- Symlinking: /home/ju/Documents/BlueROV/bluerov2_interface/install/bluerov2_interface/share/bluerov2_interface//launch/bluerov2_launch.xml
-- Symlinking: /home/ju/Documents/BlueROV/bluerov2_interface/install/bluerov2_interface/share/ament_index/resource_index/package_run_dependencies/bluerov2_interface
-- Symlinking: /home/ju/Documents/BlueROV/bluerov2_interface/install/bluerov2_interface/share/ament_index/resource_index/parent_prefix_path/bluerov2_interface
-- Symlinking: /home/ju/Documents/BlueROV/bluerov2_interface/install/bluerov2_interface/share/bluerov2_interface/environment/ament_prefix_path.sh
-- Symlinking: /home/ju/Documents/BlueROV/bluerov2_interface/install/bluerov2_interface/share/bluerov2_interface/environment/ament_prefix_path.dsv
-- Symlinking: /home/ju/Documents/BlueROV/bluerov2_interface/install/bluerov2_interface/share/bluerov2_interface/environment/path.sh
-- Symlinking: /home/ju/Documents/BlueROV/bluerov2_interface/install/bluerov2_interface/share/bluerov2_interface/environment/path.dsv
-- Symlinking: /home/ju/Documents/BlueROV/bluerov2_interface/install/bluerov2_interface/share/bluerov2_interface/local_setup.bash
-- Symlinking: /home/ju/Documents/BlueROV/bluerov2_interface/install/bluerov2_interface/share/bluerov2_interface/local_setup.sh
-- Symlinking: /home/ju/Documents/BlueROV/bluerov2_interface/install/bluerov2_interface/share/bluerov2_interface/local_setup.zsh
-- Symlinking: /home/ju/Documents/BlueROV/bluerov2_interface/install/bluerov2_interface/share/bluerov2_interface/local_setup.dsv
-- Symlinking: /home/ju/Documents/BlueROV/bluerov2_interface/install/bluerov2_interface/share/bluerov2_interface/package.dsv
-- Symlinking: /home/ju/Documents/BlueROV/bluerov2_interface/install/bluerov2_interface/share/ament_index/resource_index/packages/bluerov2_interface
-- Symlinking: /home/ju/Documents/BlueROV/bluerov2_interface/install/bluerov2_interface/share/bluerov2_interface/cmake/rosidl_cmake-extras.cmake
-- Symlinking: /home/ju/Documents/BlueROV/bluerov2_interface/install/bluerov2_interface/share/bluerov2_interface/cmake/ament_cmake_export_dependencies-extras.cmake
-- Symlinking: /home/ju/Documents/BlueROV/bluerov2_interface/install/bluerov2_interface/share/bluerov2_interface/cmake/ament_cmake_export_include_directories-extras.cmake
-- Symlinking: /home/ju/Documents/BlueROV/bluerov2_interface/install/bluerov2_interface/share/bluerov2_interface/cmake/ament_cmake_export_libraries-extras.cmake
-- Symlinking: /home/ju/Documents/BlueROV/bluerov2_interface/install/bluerov2_interface/share/bluerov2_interface/cmake/ament_cmake_export_targets-extras.cmake
-- Symlinking: /home/ju/Documents/BlueROV/bluerov2_interface/install/bluerov2_interface/share/bluerov2_interface/cmake/rosidl_cmake_export_typesupport_targets-extras.cmake
-- Symlinking: /home/ju/Documents/BlueROV/bluerov2_interface/install/bluerov2_interface/share/bluerov2_interface/cmake/rosidl_cmake_export_typesupport_libraries-extras.cmake
-- Symlinking: /home/ju/Documents/BlueROV/bluerov2_interface/install/bluerov2_interface/share/bluerov2_interface/cmake/bluerov2_interfaceConfig.cmake
-- Symlinking: /home/ju/Documents/BlueROV/bluerov2_interface/install/bluerov2_interface/share/bluerov2_interface/cmake/bluerov2_interfaceConfig-version.cmake
-- Symlinking: /home/ju/Documents/BlueROV/bluerov2_interface/install/bluerov2_interface/share/bluerov2_interface/package.xml
-- Set non-toolchain portion of runtime path of "/home/ju/Documents/BlueROV/bluerov2_interface/install/bluerov2_interface/lib/libbluerov2_interface__rosidl_generator_c.so" to ""
-- Set non-toolchain portion of runtime path of "/home/ju/Documents/BlueROV/bluerov2_interface/install/bluerov2_interface/lib/libbluerov2_interface__rosidl_typesupport_fastrtps_c.so" to ""
-- Set non-toolchain portion of runtime path of "/home/ju/Documents/BlueROV/bluerov2_interface/install/bluerov2_interface/lib/libbluerov2_interface__rosidl_typesupport_fastrtps_cpp.so" to ""
-- Set non-toolchain portion of runtime path of "/home/ju/Documents/BlueROV/bluerov2_interface/install/bluerov2_interface/lib/libbluerov2_interface__rosidl_typesupport_introspection_c.so" to ""
-- Set non-toolchain portion of runtime path of "/home/ju/Documents/BlueROV/bluerov2_interface/install/bluerov2_interface/lib/libbluerov2_interface__rosidl_typesupport_c.so" to ""
-- Set non-toolchain portion of runtime path of "/home/ju/Documents/BlueROV/bluerov2_interface/install/bluerov2_interface/lib/libbluerov2_interface__rosidl_typesupport_introspection_cpp.so" to ""
-- Set non-toolchain portion of runtime path of "/home/ju/Documents/BlueROV/bluerov2_interface/install/bluerov2_interface/lib/libbluerov2_interface__rosidl_typesupport_cpp.so" to ""
Listing '/home/ju/Documents/BlueROV/bluerov2_interface/install/bluerov2_interface/lib/python3.12/site-packages/bluerov2_interface'...
Compiling '/home/ju/Documents/BlueROV/bluerov2_interface/install/bluerov2_interface/lib/python3.12/site-packages/bluerov2_interface/__init__.py'...
Listing '/home/ju/Documents/BlueROV/bluerov2_interface/install/bluerov2_interface/lib/python3.12/site-packages/bluerov2_interface/srv'...
Compiling '/home/ju/Documents/BlueROV/bluerov2_interface/install/bluerov2_interface/lib/python3.12/site-packages/bluerov2_interface/srv/__init__.py'...
Compiling '/home/ju/Documents/BlueROV/bluerov2_interface/install/bluerov2_interface/lib/python3.12/site-packages/bluerov2_interface/srv/_set_mode.py'...
-- Set non-toolchain portion of runtime path of "/home/ju/Documents/BlueROV/bluerov2_interface/install/bluerov2_interface/lib/libbluerov2_interface__rosidl_generator_py.so" to ""
Listing '/home/ju/Documents/BlueROV/bluerov2_interface/install/bluerov2_interface/lib/python3.12/site-packages/bluerov2_bridge'...
Compiling '/home/ju/Documents/BlueROV/bluerov2_interface/install/bluerov2_interface/lib/python3.12/site-packages/bluerov2_bridge/__init__.py'...
Compiling '/home/ju/Documents/BlueROV/bluerov2_interface/install/bluerov2_interface/lib/python3.12/site-packages/bluerov2_bridge/bridge.py'...
Compiling '/home/ju/Documents/BlueROV/bluerov2_interface/install/bluerov2_interface/lib/python3.12/site-packages/bluerov2_bridge/publishers.py'...
Compiling '/home/ju/Documents/BlueROV/bluerov2_interface/install/bluerov2_interface/lib/python3.12/site-packages/bluerov2_bridge/services.py'...
Compiling '/home/ju/Documents/BlueROV/bluerov2_interface/install/bluerov2_interface/lib/python3.12/site-packages/bluerov2_bridge/subscribers.py'...
