[0.010s] Invoking command in '/home/ju/Documents/BlueROV/bluerov2_interface/build/bluerov2_interface': CMAKE_PREFIX_PATH=/home/ju/ros2_ws/install/ueye_cam:/home/ju/ros2_ws/install/cola2_stonefish:/home/ju/ros2_ws/install/stonefish_ros2:/opt/ros/jazzy:/home/ju/ros2_ws/install/cola2_msgs:/opt/ros/jazzy/opt/gz_math_vendor:/opt/ros/jazzy/opt/gz_utils_vendor:/opt/ros/jazzy/opt/gz_cmake_vendor DEBUGINFOD_URLS=https://debuginfod.ubuntu.com PS1=(.venv) \[\e]0;\u@\h: \w\a\]${debian_chroot:+($debian_chroot)}\[\033[01;32m\]\u@\h\[\033[00m\]:\[\033[01;34m\]\w\[\033[00m\]\$ VIRTUAL_ENV_PROMPT=(.venv) /usr/bin/cmake /home/ju/Documents/BlueROV/bluerov2_interface -DAMENT_CMAKE_SYMLINK_INSTALL=1 -DCMAKE_INSTALL_PREFIX=/home/ju/Documents/BlueROV/bluerov2_interface/install/bluerov2_interface
[0.064s] -- The C compiler identification is GNU 13.3.0
[0.142s] -- The CXX compiler identification is GNU 13.3.0
[0.161s] -- Detecting C compiler ABI info
[0.232s] -- Detecting C compiler ABI info - done
[0.239s] -- Check for working C compiler: /usr/bin/cc - skipped
[0.240s] -- Detecting C compile features
[0.240s] -- Detecting C compile features - done
[0.249s] -- Detecting CXX compiler ABI info
[0.323s] -- Detecting CXX compiler ABI info - done
[0.329s] -- Check for working CXX compiler: /usr/bin/c++ - skipped
[0.330s] -- Detecting CXX compile features
[0.330s] -- Detecting CXX compile features - done
[0.334s] -- Found ament_cmake: 2.5.3 (/opt/ros/jazzy/share/ament_cmake/cmake)
[0.418s] -- Found Python3: /home/ju/.venv/bin/python3 (found version "3.12.3") found components: Interpreter 
[0.471s] -- Override CMake install command with custom implementation using symlinks instead of copying resources
[0.492s] -- Found rclcpp: 28.1.6 (/opt/ros/jazzy/share/rclcpp/cmake)
[0.522s] -- Found rosidl_generator_c: 4.6.5 (/opt/ros/jazzy/share/rosidl_generator_c/cmake)
[0.532s] -- Found rosidl_generator_cpp: 4.6.5 (/opt/ros/jazzy/share/rosidl_generator_cpp/cmake)
[0.544s] -- Using all available rosidl_typesupport_c: rosidl_typesupport_fastrtps_c;rosidl_typesupport_introspection_c
[0.557s] -- Using all available rosidl_typesupport_cpp: rosidl_typesupport_fastrtps_cpp;rosidl_typesupport_introspection_cpp
[0.613s] -- Found rmw_implementation_cmake: 7.3.1 (/opt/ros/jazzy/share/rmw_implementation_cmake/cmake)
[0.615s] -- Found rmw_fastrtps_cpp: 8.4.1 (/opt/ros/jazzy/share/rmw_fastrtps_cpp/cmake)
[0.692s] -- Found OpenSSL: /usr/lib/x86_64-linux-gnu/libcrypto.so (found version "3.0.13")  
[0.708s] -- Found FastRTPS: /opt/ros/jazzy/include (Required is at least version "2.13") 
[0.724s] -- Using RMW implementation 'rmw_fastrtps_cpp' as default
[0.780s] -- Found rclpy: 7.1.3 (/opt/ros/jazzy/share/rclpy/cmake)
[0.781s] -- Found rosidl_default_generators: 1.6.0 (/opt/ros/jazzy/share/rosidl_default_generators/cmake)
[0.791s] -- Found rosidl_adapter: 4.6.5 (/opt/ros/jazzy/share/rosidl_adapter/cmake)
[0.897s] [31mCMake Error at /opt/ros/jazzy/share/rosidl_adapter/cmake/rosidl_adapt_interfaces.cmake:57 (message):
[0.897s]   execute_process(/home/ju/.venv/bin/python3 -m rosidl_adapter --package-name
[0.897s]   bluerov2_interface --arguments-file
[0.897s]   /home/ju/Documents/BlueROV/bluerov2_interface/build/bluerov2_interface/rosidl_adapter__arguments__bluerov2_interface.json
[0.898s]   --output-dir
[0.898s]   /home/ju/Documents/BlueROV/bluerov2_interface/build/bluerov2_interface/rosidl_adapter/bluerov2_interface
[0.898s]   --output-file
[0.898s]   /home/ju/Documents/BlueROV/bluerov2_interface/build/bluerov2_interface/rosidl_adapter/bluerov2_interface.idls)
[0.898s]   returned error code 1:
[0.898s] 
[0.898s]   Traceback (most recent call last):
[0.898s] 
[0.899s]     File "<frozen runpy>", line 198, in _run_module_as_main
[0.899s]     File "<frozen runpy>", line 88, in _run_code
[0.899s]     File "/opt/ros/jazzy/lib/python3.12/site-packages/rosidl_adapter/__main__.py", line 19, in <module>
[0.899s]       sys.exit(main())
[0.899s]                ^^^^^^
[0.899s]     File "/opt/ros/jazzy/lib/python3.12/site-packages/rosidl_adapter/main.py", line 53, in main
[0.899s]       abs_idl_file = convert_to_idl(
[0.899s]                      ^^^^^^^^^^^^^^^
[0.899s]     File "/opt/ros/jazzy/lib/python3.12/site-packages/rosidl_adapter/__init__.py", line 23, in convert_to_idl
[0.899s]       from rosidl_adapter.srv import convert_srv_to_idl
[0.899s]     File "/opt/ros/jazzy/lib/python3.12/site-packages/rosidl_adapter/srv/__init__.py", line 16, in <module>
[0.899s]       from rosidl_adapter.resource import expand_template
[0.899s]     File "/opt/ros/jazzy/lib/python3.12/site-packages/rosidl_adapter/resource/__init__.py", line 19, in <module>
[0.899s]       import em
[0.899s] 
[0.899s]   ModuleNotFoundError: No module named 'em'
[0.899s] 
[0.899s] Call Stack (most recent call first):
[0.899s]   /opt/ros/jazzy/share/rosidl_cmake/cmake/rosidl_generate_interfaces.cmake:132 (rosidl_adapt_interfaces)
[0.899s]   CMakeLists.txt:19 (rosidl_generate_interfaces)
[0.899s] 
[0.899s] [0m
[0.899s] -- Configuring incomplete, errors occurred!
[0.907s] Invoked command in '/home/ju/Documents/BlueROV/bluerov2_interface/build/bluerov2_interface' returned '1': CMAKE_PREFIX_PATH=/home/ju/ros2_ws/install/ueye_cam:/home/ju/ros2_ws/install/cola2_stonefish:/home/ju/ros2_ws/install/stonefish_ros2:/opt/ros/jazzy:/home/ju/ros2_ws/install/cola2_msgs:/opt/ros/jazzy/opt/gz_math_vendor:/opt/ros/jazzy/opt/gz_utils_vendor:/opt/ros/jazzy/opt/gz_cmake_vendor DEBUGINFOD_URLS=https://debuginfod.ubuntu.com PS1=(.venv) \[\e]0;\u@\h: \w\a\]${debian_chroot:+($debian_chroot)}\[\033[01;32m\]\u@\h\[\033[00m\]:\[\033[01;34m\]\w\[\033[00m\]\$ VIRTUAL_ENV_PROMPT=(.venv) /usr/bin/cmake /home/ju/Documents/BlueROV/bluerov2_interface -DAMENT_CMAKE_SYMLINK_INSTALL=1 -DCMAKE_INSTALL_PREFIX=/home/ju/Documents/BlueROV/bluerov2_interface/install/bluerov2_interface
