[0.163s] DEBUG:colcon:Command line arguments: ['/usr/bin/colcon', 'build', '--event-handlers', 'console_direct+', '--cmake-args', '--symlink-install', '--packages-select', 'bluerov2_interface']
[0.163s] DEBUG:colcon:Parsed command line arguments: Namespace(log_base=None, log_level=None, verb_name='build', build_base='build', install_base='install', merge_install=False, symlink_install=True, test_result_base=None, continue_on_error=False, executor='parallel', parallel_workers=22, event_handlers=['console_direct+'], ignore_user_meta=False, metas=['./colcon.meta'], base_paths=['.'], packages_ignore=None, packages_ignore_regex=None, paths=None, packages_up_to=None, packages_up_to_regex=None, packages_above=None, packages_above_and_dependencies=None, packages_above_depth=None, packages_select_by_dep=None, packages_skip_by_dep=None, packages_skip_up_to=None, packages_select_build_failed=False, packages_skip_build_finished=False, packages_select_test_failures=False, packages_skip_test_passed=False, packages_select=['bluerov2_interface'], packages_skip=None, packages_select_regex=None, packages_skip_regex=None, packages_start=None, packages_end=None, allow_overriding=[], cmake_args=[], cmake_target=None, cmake_target_skip_unavailable=False, cmake_clean_cache=False, cmake_clean_first=False, cmake_force_configure=False, ament_cmake_args=None, catkin_cmake_args=None, catkin_skip_building_tests=False, mixin_files=None, mixin=None, verb_parser=<colcon_mixin.mixin.mixin_argument.MixinArgumentDecorator object at 0x7d68ab38af60>, verb_extension=<colcon_core.verb.build.BuildVerb object at 0x7d68ab38a7b0>, main=<bound method BuildVerb.main of <colcon_core.verb.build.BuildVerb object at 0x7d68ab38a7b0>>, mixin_verb=('build',))
[0.237s] Level 1:colcon.colcon_core.package_discovery:discover_packages(colcon_meta) check parameters
[0.237s] Level 1:colcon.colcon_core.package_discovery:discover_packages(recursive) check parameters
[0.237s] Level 1:colcon.colcon_core.package_discovery:discover_packages(ignore) check parameters
[0.237s] Level 1:colcon.colcon_core.package_discovery:discover_packages(path) check parameters
[0.237s] Level 1:colcon.colcon_core.package_discovery:discover_packages(colcon_meta) discover
[0.237s] Level 1:colcon.colcon_core.package_discovery:discover_packages(recursive) discover
[0.237s] INFO:colcon.colcon_core.package_discovery:Crawling recursively for packages in '/home/ju/Documents/BlueROV/bluerov2_interface'
[0.238s] Level 1:colcon.colcon_core.package_identification:_identify(.) by extensions ['ignore', 'ignore_ament_install']
[0.238s] Level 1:colcon.colcon_core.package_identification:_identify(.) by extension 'ignore'
[0.238s] Level 1:colcon.colcon_core.package_identification:_identify(.) by extension 'ignore_ament_install'
[0.238s] Level 1:colcon.colcon_core.package_identification:_identify(.) by extensions ['colcon_pkg']
[0.238s] Level 1:colcon.colcon_core.package_identification:_identify(.) by extension 'colcon_pkg'
[0.238s] Level 1:colcon.colcon_core.package_identification:_identify(.) by extensions ['colcon_meta']
[0.238s] Level 1:colcon.colcon_core.package_identification:_identify(.) by extension 'colcon_meta'
[0.238s] Level 1:colcon.colcon_core.package_identification:_identify(.) by extensions ['ros']
[0.238s] Level 1:colcon.colcon_core.package_identification:_identify(.) by extension 'ros'
[0.275s] DEBUG:colcon.colcon_core.package_identification:Package '.' with type 'ros.ament_cmake' and name 'bluerov2_interface'
[0.275s] Level 1:colcon.colcon_core.package_discovery:discover_packages(recursive) using defaults
[0.275s] Level 1:colcon.colcon_core.package_discovery:discover_packages(ignore) discover
[0.275s] Level 1:colcon.colcon_core.package_discovery:discover_packages(ignore) using defaults
[0.275s] Level 1:colcon.colcon_core.package_discovery:discover_packages(path) discover
[0.276s] Level 1:colcon.colcon_core.package_discovery:discover_packages(path) using defaults
[0.306s] Level 1:colcon.colcon_core.package_discovery:discover_packages(prefix_path) check parameters
[0.306s] Level 1:colcon.colcon_core.package_discovery:discover_packages(prefix_path) discover
[0.311s] DEBUG:colcon.colcon_installed_package_information.package_discovery:Found 1 installed packages in /home/ju/Documents/BlueROV/bluerov2_interface/install
[0.311s] DEBUG:colcon.colcon_installed_package_information.package_discovery:Found 4 installed packages in /home/ju/ros2_ws/install
[0.313s] DEBUG:colcon.colcon_installed_package_information.package_discovery:Found 296 installed packages in /opt/ros/jazzy
[0.314s] Level 1:colcon.colcon_core.package_discovery:discover_packages(prefix_path) using defaults
[0.358s] Level 5:colcon.colcon_core.verb:set package 'bluerov2_interface' build argument 'cmake_args' from command line to '[]'
[0.358s] Level 5:colcon.colcon_core.verb:set package 'bluerov2_interface' build argument 'cmake_target' from command line to 'None'
[0.358s] Level 5:colcon.colcon_core.verb:set package 'bluerov2_interface' build argument 'cmake_target_skip_unavailable' from command line to 'False'
[0.358s] Level 5:colcon.colcon_core.verb:set package 'bluerov2_interface' build argument 'cmake_clean_cache' from command line to 'False'
[0.358s] Level 5:colcon.colcon_core.verb:set package 'bluerov2_interface' build argument 'cmake_clean_first' from command line to 'False'
[0.358s] Level 5:colcon.colcon_core.verb:set package 'bluerov2_interface' build argument 'cmake_force_configure' from command line to 'False'
[0.358s] Level 5:colcon.colcon_core.verb:set package 'bluerov2_interface' build argument 'ament_cmake_args' from command line to 'None'
[0.359s] Level 5:colcon.colcon_core.verb:set package 'bluerov2_interface' build argument 'catkin_cmake_args' from command line to 'None'
[0.359s] Level 5:colcon.colcon_core.verb:set package 'bluerov2_interface' build argument 'catkin_skip_building_tests' from command line to 'False'
[0.359s] DEBUG:colcon.colcon_core.verb:Building package 'bluerov2_interface' with the following arguments: {'ament_cmake_args': None, 'build_base': '/home/ju/Documents/BlueROV/bluerov2_interface/build/bluerov2_interface', 'catkin_cmake_args': None, 'catkin_skip_building_tests': False, 'cmake_args': [], 'cmake_clean_cache': False, 'cmake_clean_first': False, 'cmake_force_configure': False, 'cmake_target': None, 'cmake_target_skip_unavailable': False, 'install_base': '/home/ju/Documents/BlueROV/bluerov2_interface/install/bluerov2_interface', 'merge_install': False, 'path': '/home/ju/Documents/BlueROV/bluerov2_interface', 'symlink_install': True, 'test_result_base': None}
[0.359s] INFO:colcon.colcon_core.executor:Executing jobs using 'parallel' executor
[0.360s] DEBUG:colcon.colcon_parallel_executor.executor.parallel:run_until_complete
[0.360s] INFO:colcon.colcon_ros.task.ament_cmake.build:Building ROS package in '/home/ju/Documents/BlueROV/bluerov2_interface' with build type 'ament_cmake'
[0.360s] INFO:colcon.colcon_cmake.task.cmake.build:Building CMake package in '/home/ju/Documents/BlueROV/bluerov2_interface'
[0.366s] INFO:colcon.colcon_core.plugin_system:Skipping extension 'colcon_core.shell.bat': Not used on non-Windows systems
[0.366s] INFO:colcon.colcon_core.shell:Skip shell extension 'powershell' for command environment: Not usable outside of PowerShell
[0.366s] DEBUG:colcon.colcon_core.shell:Skip shell extension 'dsv' for command environment
[0.381s] DEBUG:colcon.colcon_core.event_handler.log_command:Invoking command in '/home/ju/Documents/BlueROV/bluerov2_interface/build/bluerov2_interface': CMAKE_PREFIX_PATH=/home/ju/Documents/BlueROV/bluerov2_interface/install/bluerov2_interface:/home/ju/ros2_ws/install/ueye_cam:/home/ju/ros2_ws/install/cola2_stonefish:/home/ju/ros2_ws/install/stonefish_ros2:/opt/ros/jazzy:/home/ju/ros2_ws/install/cola2_msgs:/opt/ros/jazzy/opt/gz_math_vendor:/opt/ros/jazzy/opt/gz_utils_vendor:/opt/ros/jazzy/opt/gz_cmake_vendor DEBUGINFOD_URLS=https://debuginfod.ubuntu.com /usr/bin/cmake --build /home/ju/Documents/BlueROV/bluerov2_interface/build/bluerov2_interface -- -j22 -l22
[2.118s] DEBUG:colcon.colcon_core.event_handler.log_command:Invoked command in '/home/ju/Documents/BlueROV/bluerov2_interface/build/bluerov2_interface' returned '0': CMAKE_PREFIX_PATH=/home/ju/Documents/BlueROV/bluerov2_interface/install/bluerov2_interface:/home/ju/ros2_ws/install/ueye_cam:/home/ju/ros2_ws/install/cola2_stonefish:/home/ju/ros2_ws/install/stonefish_ros2:/opt/ros/jazzy:/home/ju/ros2_ws/install/cola2_msgs:/opt/ros/jazzy/opt/gz_math_vendor:/opt/ros/jazzy/opt/gz_utils_vendor:/opt/ros/jazzy/opt/gz_cmake_vendor DEBUGINFOD_URLS=https://debuginfod.ubuntu.com /usr/bin/cmake --build /home/ju/Documents/BlueROV/bluerov2_interface/build/bluerov2_interface -- -j22 -l22
[2.134s] DEBUG:colcon.colcon_core.event_handler.log_command:Invoking command in '/home/ju/Documents/BlueROV/bluerov2_interface/build/bluerov2_interface': CMAKE_PREFIX_PATH=/home/ju/Documents/BlueROV/bluerov2_interface/install/bluerov2_interface:/home/ju/ros2_ws/install/ueye_cam:/home/ju/ros2_ws/install/cola2_stonefish:/home/ju/ros2_ws/install/stonefish_ros2:/opt/ros/jazzy:/home/ju/ros2_ws/install/cola2_msgs:/opt/ros/jazzy/opt/gz_math_vendor:/opt/ros/jazzy/opt/gz_utils_vendor:/opt/ros/jazzy/opt/gz_cmake_vendor DEBUGINFOD_URLS=https://debuginfod.ubuntu.com /usr/bin/cmake --install /home/ju/Documents/BlueROV/bluerov2_interface/build/bluerov2_interface
[2.301s] Level 1:colcon.colcon_core.environment:create_environment_scripts_only(bluerov2_interface)
[2.301s] DEBUG:colcon.colcon_core.event_handler.log_command:Invoked command in '/home/ju/Documents/BlueROV/bluerov2_interface/build/bluerov2_interface' returned '0': CMAKE_PREFIX_PATH=/home/ju/Documents/BlueROV/bluerov2_interface/install/bluerov2_interface:/home/ju/ros2_ws/install/ueye_cam:/home/ju/ros2_ws/install/cola2_stonefish:/home/ju/ros2_ws/install/stonefish_ros2:/opt/ros/jazzy:/home/ju/ros2_ws/install/cola2_msgs:/opt/ros/jazzy/opt/gz_math_vendor:/opt/ros/jazzy/opt/gz_utils_vendor:/opt/ros/jazzy/opt/gz_cmake_vendor DEBUGINFOD_URLS=https://debuginfod.ubuntu.com /usr/bin/cmake --install /home/ju/Documents/BlueROV/bluerov2_interface/build/bluerov2_interface
[2.310s] Level 1:colcon.colcon_core.environment:checking '/home/ju/Documents/BlueROV/bluerov2_interface/install/bluerov2_interface' for CMake module files
[2.311s] Level 1:colcon.colcon_core.environment:checking '/home/ju/Documents/BlueROV/bluerov2_interface/install/bluerov2_interface' for CMake config files
[2.312s] Level 1:colcon.colcon_core.shell:create_environment_hook('bluerov2_interface', 'cmake_prefix_path')
[2.313s] INFO:colcon.colcon_core.shell:Creating environment hook '/home/ju/Documents/BlueROV/bluerov2_interface/install/bluerov2_interface/share/bluerov2_interface/hook/cmake_prefix_path.ps1'
[2.314s] INFO:colcon.colcon_core.shell:Creating environment descriptor '/home/ju/Documents/BlueROV/bluerov2_interface/install/bluerov2_interface/share/bluerov2_interface/hook/cmake_prefix_path.dsv'
[2.315s] INFO:colcon.colcon_core.shell:Creating environment hook '/home/ju/Documents/BlueROV/bluerov2_interface/install/bluerov2_interface/share/bluerov2_interface/hook/cmake_prefix_path.sh'
[2.317s] Level 1:colcon.colcon_core.environment:checking '/home/ju/Documents/BlueROV/bluerov2_interface/install/bluerov2_interface/lib'
[2.317s] Level 1:colcon.colcon_core.shell:create_environment_hook('bluerov2_interface', 'ld_library_path_lib')
[2.317s] INFO:colcon.colcon_core.shell:Creating environment hook '/home/ju/Documents/BlueROV/bluerov2_interface/install/bluerov2_interface/share/bluerov2_interface/hook/ld_library_path_lib.ps1'
[2.317s] INFO:colcon.colcon_core.shell:Creating environment descriptor '/home/ju/Documents/BlueROV/bluerov2_interface/install/bluerov2_interface/share/bluerov2_interface/hook/ld_library_path_lib.dsv'
[2.318s] INFO:colcon.colcon_core.shell:Creating environment hook '/home/ju/Documents/BlueROV/bluerov2_interface/install/bluerov2_interface/share/bluerov2_interface/hook/ld_library_path_lib.sh'
[2.318s] Level 1:colcon.colcon_core.environment:checking '/home/ju/Documents/BlueROV/bluerov2_interface/install/bluerov2_interface/bin'
[2.318s] Level 1:colcon.colcon_core.environment:checking '/home/ju/Documents/BlueROV/bluerov2_interface/install/bluerov2_interface/lib/pkgconfig/bluerov2_interface.pc'
[2.319s] Level 1:colcon.colcon_core.environment:checking '/home/ju/Documents/BlueROV/bluerov2_interface/install/bluerov2_interface/lib/python3.12/site-packages'
[2.319s] Level 1:colcon.colcon_core.shell:create_environment_hook('bluerov2_interface', 'pythonpath')
[2.319s] INFO:colcon.colcon_core.shell:Creating environment hook '/home/ju/Documents/BlueROV/bluerov2_interface/install/bluerov2_interface/share/bluerov2_interface/hook/pythonpath.ps1'
[2.319s] INFO:colcon.colcon_core.shell:Creating environment descriptor '/home/ju/Documents/BlueROV/bluerov2_interface/install/bluerov2_interface/share/bluerov2_interface/hook/pythonpath.dsv'
[2.320s] INFO:colcon.colcon_core.shell:Creating environment hook '/home/ju/Documents/BlueROV/bluerov2_interface/install/bluerov2_interface/share/bluerov2_interface/hook/pythonpath.sh'
[2.320s] Level 1:colcon.colcon_core.environment:checking '/home/ju/Documents/BlueROV/bluerov2_interface/install/bluerov2_interface/bin'
[2.321s] INFO:colcon.colcon_core.shell:Creating package script '/home/ju/Documents/BlueROV/bluerov2_interface/install/bluerov2_interface/share/bluerov2_interface/package.ps1'
[2.322s] INFO:colcon.colcon_core.shell:Creating package descriptor '/home/ju/Documents/BlueROV/bluerov2_interface/install/bluerov2_interface/share/bluerov2_interface/package.dsv'
[2.323s] INFO:colcon.colcon_core.shell:Creating package script '/home/ju/Documents/BlueROV/bluerov2_interface/install/bluerov2_interface/share/bluerov2_interface/package.sh'
[2.324s] INFO:colcon.colcon_core.shell:Creating package script '/home/ju/Documents/BlueROV/bluerov2_interface/install/bluerov2_interface/share/bluerov2_interface/package.bash'
[2.325s] INFO:colcon.colcon_core.shell:Creating package script '/home/ju/Documents/BlueROV/bluerov2_interface/install/bluerov2_interface/share/bluerov2_interface/package.zsh'
[2.326s] Level 1:colcon.colcon_core.environment:create_file_with_runtime_dependencies(/home/ju/Documents/BlueROV/bluerov2_interface/install/bluerov2_interface/share/colcon-core/packages/bluerov2_interface)
[2.327s] Level 1:colcon.colcon_core.environment:create_environment_scripts_only(bluerov2_interface)
[2.327s] Level 1:colcon.colcon_core.environment:checking '/home/ju/Documents/BlueROV/bluerov2_interface/install/bluerov2_interface' for CMake module files
[2.328s] Level 1:colcon.colcon_core.environment:checking '/home/ju/Documents/BlueROV/bluerov2_interface/install/bluerov2_interface' for CMake config files
[2.329s] Level 1:colcon.colcon_core.shell:create_environment_hook('bluerov2_interface', 'cmake_prefix_path')
[2.329s] INFO:colcon.colcon_core.shell:Creating environment hook '/home/ju/Documents/BlueROV/bluerov2_interface/install/bluerov2_interface/share/bluerov2_interface/hook/cmake_prefix_path.ps1'
[2.330s] INFO:colcon.colcon_core.shell:Creating environment descriptor '/home/ju/Documents/BlueROV/bluerov2_interface/install/bluerov2_interface/share/bluerov2_interface/hook/cmake_prefix_path.dsv'
[2.330s] INFO:colcon.colcon_core.shell:Creating environment hook '/home/ju/Documents/BlueROV/bluerov2_interface/install/bluerov2_interface/share/bluerov2_interface/hook/cmake_prefix_path.sh'
[2.331s] Level 1:colcon.colcon_core.environment:checking '/home/ju/Documents/BlueROV/bluerov2_interface/install/bluerov2_interface/lib'
[2.331s] Level 1:colcon.colcon_core.shell:create_environment_hook('bluerov2_interface', 'ld_library_path_lib')
[2.331s] INFO:colcon.colcon_core.shell:Creating environment hook '/home/ju/Documents/BlueROV/bluerov2_interface/install/bluerov2_interface/share/bluerov2_interface/hook/ld_library_path_lib.ps1'
[2.331s] INFO:colcon.colcon_core.shell:Creating environment descriptor '/home/ju/Documents/BlueROV/bluerov2_interface/install/bluerov2_interface/share/bluerov2_interface/hook/ld_library_path_lib.dsv'
[2.332s] INFO:colcon.colcon_core.shell:Creating environment hook '/home/ju/Documents/BlueROV/bluerov2_interface/install/bluerov2_interface/share/bluerov2_interface/hook/ld_library_path_lib.sh'
[2.333s] Level 1:colcon.colcon_core.environment:checking '/home/ju/Documents/BlueROV/bluerov2_interface/install/bluerov2_interface/bin'
[2.333s] Level 1:colcon.colcon_core.environment:checking '/home/ju/Documents/BlueROV/bluerov2_interface/install/bluerov2_interface/lib/pkgconfig/bluerov2_interface.pc'
[2.333s] Level 1:colcon.colcon_core.environment:checking '/home/ju/Documents/BlueROV/bluerov2_interface/install/bluerov2_interface/lib/python3.12/site-packages'
[2.333s] Level 1:colcon.colcon_core.shell:create_environment_hook('bluerov2_interface', 'pythonpath')
[2.333s] INFO:colcon.colcon_core.shell:Creating environment hook '/home/ju/Documents/BlueROV/bluerov2_interface/install/bluerov2_interface/share/bluerov2_interface/hook/pythonpath.ps1'
[2.334s] INFO:colcon.colcon_core.shell:Creating environment descriptor '/home/ju/Documents/BlueROV/bluerov2_interface/install/bluerov2_interface/share/bluerov2_interface/hook/pythonpath.dsv'
[2.334s] INFO:colcon.colcon_core.shell:Creating environment hook '/home/ju/Documents/BlueROV/bluerov2_interface/install/bluerov2_interface/share/bluerov2_interface/hook/pythonpath.sh'
[2.335s] Level 1:colcon.colcon_core.environment:checking '/home/ju/Documents/BlueROV/bluerov2_interface/install/bluerov2_interface/bin'
[2.335s] INFO:colcon.colcon_core.shell:Creating package script '/home/ju/Documents/BlueROV/bluerov2_interface/install/bluerov2_interface/share/bluerov2_interface/package.ps1'
[2.336s] INFO:colcon.colcon_core.shell:Creating package descriptor '/home/ju/Documents/BlueROV/bluerov2_interface/install/bluerov2_interface/share/bluerov2_interface/package.dsv'
[2.336s] INFO:colcon.colcon_core.shell:Creating package script '/home/ju/Documents/BlueROV/bluerov2_interface/install/bluerov2_interface/share/bluerov2_interface/package.sh'
[2.337s] INFO:colcon.colcon_core.shell:Creating package script '/home/ju/Documents/BlueROV/bluerov2_interface/install/bluerov2_interface/share/bluerov2_interface/package.bash'
[2.337s] INFO:colcon.colcon_core.shell:Creating package script '/home/ju/Documents/BlueROV/bluerov2_interface/install/bluerov2_interface/share/bluerov2_interface/package.zsh'
[2.338s] Level 1:colcon.colcon_core.environment:create_file_with_runtime_dependencies(/home/ju/Documents/BlueROV/bluerov2_interface/install/bluerov2_interface/share/colcon-core/packages/bluerov2_interface)
[2.339s] DEBUG:colcon.colcon_parallel_executor.executor.parallel:closing loop
[2.339s] DEBUG:colcon.colcon_parallel_executor.executor.parallel:loop closed
[2.340s] DEBUG:colcon.colcon_parallel_executor.executor.parallel:run_until_complete finished with '0'
[2.340s] DEBUG:colcon.colcon_core.event_reactor:joining thread
[2.348s] INFO:colcon.colcon_core.plugin_system:Skipping extension 'colcon_notification.desktop_notification.terminal_notifier': Not used on non-Darwin systems
[2.348s] INFO:colcon.colcon_core.plugin_system:Skipping extension 'colcon_notification.desktop_notification.win32': Not used on non-Windows systems
[2.348s] INFO:colcon.colcon_notification.desktop_notification:Sending desktop notification using 'notify2'
[2.370s] DEBUG:colcon.colcon_core.event_reactor:joined thread
[2.371s] INFO:colcon.colcon_core.shell:Creating prefix script '/home/ju/Documents/BlueROV/bluerov2_interface/install/local_setup.ps1'
[2.373s] INFO:colcon.colcon_core.shell:Creating prefix util module '/home/ju/Documents/BlueROV/bluerov2_interface/install/_local_setup_util_ps1.py'
[2.374s] INFO:colcon.colcon_core.shell:Creating prefix chain script '/home/ju/Documents/BlueROV/bluerov2_interface/install/setup.ps1'
[2.376s] INFO:colcon.colcon_core.shell:Creating prefix script '/home/ju/Documents/BlueROV/bluerov2_interface/install/local_setup.sh'
[2.377s] INFO:colcon.colcon_core.shell:Creating prefix util module '/home/ju/Documents/BlueROV/bluerov2_interface/install/_local_setup_util_sh.py'
[2.378s] INFO:colcon.colcon_core.shell:Creating prefix chain script '/home/ju/Documents/BlueROV/bluerov2_interface/install/setup.sh'
[2.380s] INFO:colcon.colcon_core.shell:Creating prefix script '/home/ju/Documents/BlueROV/bluerov2_interface/install/local_setup.bash'
[2.380s] INFO:colcon.colcon_core.shell:Creating prefix chain script '/home/ju/Documents/BlueROV/bluerov2_interface/install/setup.bash'
[2.382s] INFO:colcon.colcon_core.shell:Creating prefix script '/home/ju/Documents/BlueROV/bluerov2_interface/install/local_setup.zsh'
[2.382s] INFO:colcon.colcon_core.shell:Creating prefix chain script '/home/ju/Documents/BlueROV/bluerov2_interface/install/setup.zsh'
