[  2%] Built target bluerov2_interface__rosidl_generator_type_description
[  2%] Built target ament_cmake_python_symlink_bluerov2_bridge
[  2%] Built target ament_cmake_python_symlink_bluerov2_interface
[  5%] Built target bluerov2_interface__cpp
[  8%] [32mBuilding C object CMakeFiles/bluerov2_interface__rosidl_generator_c.dir/rosidl_generator_c/bluerov2_interface/srv/detail/set_mode__description.c.o[0m
[ 14%] [32mBuilding C object CMakeFiles/bluerov2_interface__rosidl_generator_c.dir/rosidl_generator_c/bluerov2_interface/srv/detail/set_mode__functions.c.o[0m
[ 14%] [32mBuilding C object CMakeFiles/bluerov2_interface__rosidl_generator_c.dir/rosidl_generator_c/bluerov2_interface/srv/detail/set_mode__type_support.c.o[0m
[ 17%] [32m[1mLinking C shared library libbluerov2_interface__rosidl_generator_c.so[0m
[ 20%] Built target bluerov2_interface__rosidl_generator_c
[ 23%] [32mBuilding CXX object CMakeFiles/bluerov2_interface__rosidl_typesupport_fastrtps_c.dir/rosidl_typesupport_fastrtps_c/bluerov2_interface/srv/detail/set_mode__type_support_c.cpp.o[0m
[ 29%] [32mBuilding CXX object CMakeFiles/bluerov2_interface__rosidl_typesupport_cpp.dir/rosidl_typesupport_cpp/bluerov2_interface/srv/set_mode__type_support.cpp.o[0m
[ 29%] [32mBuilding CXX object CMakeFiles/bluerov2_interface__rosidl_typesupport_fastrtps_cpp.dir/rosidl_typesupport_fastrtps_cpp/bluerov2_interface/srv/detail/dds_fastrtps/set_mode__type_support.cpp.o[0m
[ 32%] [32mBuilding C object CMakeFiles/bluerov2_interface__rosidl_typesupport_introspection_c.dir/rosidl_typesupport_introspection_c/bluerov2_interface/srv/detail/set_mode__type_support.c.o[0m
[ 35%] [32mBuilding CXX object CMakeFiles/bluerov2_interface__rosidl_typesupport_c.dir/rosidl_typesupport_c/bluerov2_interface/srv/set_mode__type_support.cpp.o[0m
[ 38%] [32mBuilding CXX object CMakeFiles/bluerov2_interface__rosidl_typesupport_introspection_cpp.dir/rosidl_typesupport_introspection_cpp/bluerov2_interface/srv/detail/set_mode__type_support.cpp.o[0m
running egg_info
running egg_info
writing bluerov2_bridge.egg-info/PKG-INFO
writing bluerov2_interface.egg-info/PKG-INFO
writing dependency_links to bluerov2_bridge.egg-info/dependency_links.txt
writing dependency_links to bluerov2_interface.egg-info/dependency_links.txt
writing top-level names to bluerov2_bridge.egg-info/top_level.txt
writing top-level names to bluerov2_interface.egg-info/top_level.txt
[ 41%] [32m[1mLinking C shared library libbluerov2_interface__rosidl_typesupport_introspection_c.so[0m
reading manifest file 'bluerov2_interface.egg-info/SOURCES.txt'
reading manifest file 'bluerov2_bridge.egg-info/SOURCES.txt'
writing manifest file 'bluerov2_interface.egg-info/SOURCES.txt'
writing manifest file 'bluerov2_bridge.egg-info/SOURCES.txt'
[ 44%] [32m[1mLinking CXX shared library libbluerov2_interface__rosidl_typesupport_c.so[0m
[ 44%] Built target ament_cmake_python_build_bluerov2_bridge_egg
[ 44%] Built target ament_cmake_python_build_bluerov2_interface_egg
[ 47%] Built target bluerov2_interface__rosidl_typesupport_introspection_c
[ 50%] Built target bluerov2_interface__rosidl_typesupport_c
[ 52%] [32m[1mLinking CXX shared library libbluerov2_interface__rosidl_typesupport_cpp.so[0m
[ 55%] [32m[1mLinking CXX shared library libbluerov2_interface__rosidl_typesupport_introspection_cpp.so[0m
[ 58%] Built target bluerov2_interface__rosidl_typesupport_cpp
[ 61%] [32m[1mLinking CXX shared library libbluerov2_interface__rosidl_typesupport_fastrtps_c.so[0m
[ 64%] Built target bluerov2_interface__rosidl_typesupport_introspection_cpp
[ 67%] Built target bluerov2_interface__rosidl_typesupport_fastrtps_c
[ 70%] [32m[1mLinking CXX shared library libbluerov2_interface__rosidl_typesupport_fastrtps_cpp.so[0m
[ 73%] Built target bluerov2_interface__rosidl_typesupport_fastrtps_cpp
[ 73%] Built target bluerov2_interface
[ 76%] Built target bluerov2_interface__py
[ 79%] [32mBuilding C object CMakeFiles/bluerov2_interface__rosidl_generator_py.dir/rosidl_generator_py/bluerov2_interface/srv/_set_mode_s.c.o[0m
[ 82%] [32m[1mLinking C shared library libbluerov2_interface__rosidl_generator_py.so[0m
[ 82%] Built target bluerov2_interface__rosidl_generator_py
[ 85%] [32mBuilding C object CMakeFiles/bluerov2_interface_s__rosidl_typesupport_fastrtps_c.dir/rosidl_generator_py/bluerov2_interface/_bluerov2_interface_s.ep.rosidl_typesupport_fastrtps_c.c.o[0m
[ 91%] [32mBuilding C object CMakeFiles/bluerov2_interface_s__rosidl_typesupport_introspection_c.dir/rosidl_generator_py/bluerov2_interface/_bluerov2_interface_s.ep.rosidl_typesupport_introspection_c.c.o[0m
[ 91%] [32mBuilding C object CMakeFiles/bluerov2_interface_s__rosidl_typesupport_c.dir/rosidl_generator_py/bluerov2_interface/_bluerov2_interface_s.ep.rosidl_typesupport_c.c.o[0m
[ 94%] [32m[1mLinking C shared module rosidl_generator_py/bluerov2_interface/bluerov2_interface_s__rosidl_typesupport_fastrtps_c.so[0m
[100%] [32m[1mLinking C shared module rosidl_generator_py/bluerov2_interface/bluerov2_interface_s__rosidl_typesupport_c.so[0m
[100%] [32m[1mLinking C shared module rosidl_generator_py/bluerov2_interface/bluerov2_interface_s__rosidl_typesupport_introspection_c.so[0m
[100%] Built target bluerov2_interface_s__rosidl_typesupport_c
[100%] Built target bluerov2_interface_s__rosidl_typesupport_fastrtps_c
[100%] Built target bluerov2_interface_s__rosidl_typesupport_introspection_c
-- Install configuration: ""
-- Execute custom install script
-- Up-to-date symlink: /home/ju/Documents/BlueROV/bluerov2_interface/install/bluerov2_interface/share/ament_index/resource_index/rosidl_interfaces/bluerov2_interface
-- Up-to-date symlink: /home/ju/Documents/BlueROV/bluerov2_interface/install/bluerov2_interface/share/bluerov2_interface/srv/SetMode.json
-- Up-to-date symlink: /home/ju/Documents/BlueROV/bluerov2_interface/install/bluerov2_interface/include/bluerov2_interface/bluerov2_interface/msg/rosidl_generator_c__visibility_control.h
-- Up-to-date symlink: /home/ju/Documents/BlueROV/bluerov2_interface/install/bluerov2_interface/include/bluerov2_interface/bluerov2_interface/srv/detail/set_mode__functions.h
-- Up-to-date symlink: /home/ju/Documents/BlueROV/bluerov2_interface/install/bluerov2_interface/include/bluerov2_interface/bluerov2_interface/srv/detail/set_mode__struct.h
-- Up-to-date symlink: /home/ju/Documents/BlueROV/bluerov2_interface/install/bluerov2_interface/include/bluerov2_interface/bluerov2_interface/srv/detail/set_mode__type_support.h
-- Up-to-date symlink: /home/ju/Documents/BlueROV/bluerov2_interface/install/bluerov2_interface/include/bluerov2_interface/bluerov2_interface/srv/set_mode.h
-- Up-to-date symlink: /home/ju/Documents/BlueROV/bluerov2_interface/install/bluerov2_interface/share/bluerov2_interface/environment/library_path.sh
-- Up-to-date symlink: /home/ju/Documents/BlueROV/bluerov2_interface/install/bluerov2_interface/share/bluerov2_interface/environment/library_path.dsv
-- Up-to-date symlink: /home/ju/Documents/BlueROV/bluerov2_interface/install/bluerov2_interface/include/bluerov2_interface/bluerov2_interface/msg/rosidl_typesupport_fastrtps_c__visibility_control.h
-- Up-to-date symlink: /home/ju/Documents/BlueROV/bluerov2_interface/install/bluerov2_interface/include/bluerov2_interface/bluerov2_interface/srv/detail/set_mode__rosidl_typesupport_fastrtps_c.h
-- Up-to-date symlink: /home/ju/Documents/BlueROV/bluerov2_interface/install/bluerov2_interface/include/bluerov2_interface/bluerov2_interface/msg/rosidl_generator_cpp__visibility_control.hpp
-- Up-to-date symlink: /home/ju/Documents/BlueROV/bluerov2_interface/install/bluerov2_interface/include/bluerov2_interface/bluerov2_interface/srv/detail/set_mode__builder.hpp
-- Up-to-date symlink: /home/ju/Documents/BlueROV/bluerov2_interface/install/bluerov2_interface/include/bluerov2_interface/bluerov2_interface/srv/detail/set_mode__struct.hpp
-- Up-to-date symlink: /home/ju/Documents/BlueROV/bluerov2_interface/install/bluerov2_interface/include/bluerov2_interface/bluerov2_interface/srv/detail/set_mode__traits.hpp
-- Up-to-date symlink: /home/ju/Documents/BlueROV/bluerov2_interface/install/bluerov2_interface/include/bluerov2_interface/bluerov2_interface/srv/detail/set_mode__type_support.hpp
-- Up-to-date symlink: /home/ju/Documents/BlueROV/bluerov2_interface/install/bluerov2_interface/include/bluerov2_interface/bluerov2_interface/srv/set_mode.hpp
-- Up-to-date symlink: /home/ju/Documents/BlueROV/bluerov2_interface/install/bluerov2_interface/include/bluerov2_interface/bluerov2_interface/msg/rosidl_typesupport_fastrtps_cpp__visibility_control.h
-- Up-to-date symlink: /home/ju/Documents/BlueROV/bluerov2_interface/install/bluerov2_interface/include/bluerov2_interface/bluerov2_interface/srv/detail/set_mode__rosidl_typesupport_fastrtps_cpp.hpp
-- Up-to-date symlink: /home/ju/Documents/BlueROV/bluerov2_interface/install/bluerov2_interface/include/bluerov2_interface/bluerov2_interface/msg/rosidl_typesupport_introspection_c__visibility_control.h
-- Up-to-date symlink: /home/ju/Documents/BlueROV/bluerov2_interface/install/bluerov2_interface/include/bluerov2_interface/bluerov2_interface/srv/detail/set_mode__rosidl_typesupport_introspection_c.h
-- Up-to-date symlink: /home/ju/Documents/BlueROV/bluerov2_interface/install/bluerov2_interface/include/bluerov2_interface/bluerov2_interface/srv/detail/set_mode__rosidl_typesupport_introspection_cpp.hpp
-- Up-to-date symlink: /home/ju/Documents/BlueROV/bluerov2_interface/install/bluerov2_interface/share/bluerov2_interface/environment/pythonpath.sh
-- Up-to-date symlink: /home/ju/Documents/BlueROV/bluerov2_interface/install/bluerov2_interface/share/bluerov2_interface/environment/pythonpath.dsv
-- Up-to-date symlink: /home/ju/Documents/BlueROV/bluerov2_interface/install/bluerov2_interface/lib/python3.12/site-packages/bluerov2_interface-0.0.0-py3.12.egg-info/PKG-INFO
-- Up-to-date symlink: /home/ju/Documents/BlueROV/bluerov2_interface/install/bluerov2_interface/lib/python3.12/site-packages/bluerov2_interface-0.0.0-py3.12.egg-info/SOURCES.txt
-- Up-to-date symlink: /home/ju/Documents/BlueROV/bluerov2_interface/install/bluerov2_interface/lib/python3.12/site-packages/bluerov2_interface-0.0.0-py3.12.egg-info/dependency_links.txt
-- Up-to-date symlink: /home/ju/Documents/BlueROV/bluerov2_interface/install/bluerov2_interface/lib/python3.12/site-packages/bluerov2_interface-0.0.0-py3.12.egg-info/top_level.txt
-- Up-to-date symlink: /home/ju/Documents/BlueROV/bluerov2_interface/install/bluerov2_interface/lib/python3.12/site-packages/bluerov2_interface/__init__.py
-- Up-to-date symlink: /home/ju/Documents/BlueROV/bluerov2_interface/install/bluerov2_interface/lib/python3.12/site-packages/bluerov2_interface/_bluerov2_interface_s.ep.rosidl_typesupport_c.c
-- Up-to-date symlink: /home/ju/Documents/BlueROV/bluerov2_interface/install/bluerov2_interface/lib/python3.12/site-packages/bluerov2_interface/_bluerov2_interface_s.ep.rosidl_typesupport_fastrtps_c.c
-- Up-to-date symlink: /home/ju/Documents/BlueROV/bluerov2_interface/install/bluerov2_interface/lib/python3.12/site-packages/bluerov2_interface/_bluerov2_interface_s.ep.rosidl_typesupport_introspection_c.c
-- Up-to-date symlink: /home/ju/Documents/BlueROV/bluerov2_interface/install/bluerov2_interface/lib/python3.12/site-packages/bluerov2_interface/bluerov2_interface_s__rosidl_typesupport_c.so
-- Up-to-date symlink: /home/ju/Documents/BlueROV/bluerov2_interface/install/bluerov2_interface/lib/python3.12/site-packages/bluerov2_interface/bluerov2_interface_s__rosidl_typesupport_fastrtps_c.so
-- Up-to-date symlink: /home/ju/Documents/BlueROV/bluerov2_interface/install/bluerov2_interface/lib/python3.12/site-packages/bluerov2_interface/bluerov2_interface_s__rosidl_typesupport_introspection_c.so
-- Up-to-date symlink: /home/ju/Documents/BlueROV/bluerov2_interface/install/bluerov2_interface/lib/python3.12/site-packages/bluerov2_interface/srv/__init__.py
-- Up-to-date symlink: /home/ju/Documents/BlueROV/bluerov2_interface/install/bluerov2_interface/lib/python3.12/site-packages/bluerov2_interface/srv/_set_mode.py
-- Up-to-date symlink: /home/ju/Documents/BlueROV/bluerov2_interface/install/bluerov2_interface/lib/python3.12/site-packages/bluerov2_interface/srv/_set_mode_s.c
-- Up-to-date symlink: /home/ju/Documents/BlueROV/bluerov2_interface/install/bluerov2_interface/lib/python3.12/site-packages/bluerov2_interface/bluerov2_interface_s__rosidl_typesupport_fastrtps_c.so
-- Up-to-date symlink: /home/ju/Documents/BlueROV/bluerov2_interface/install/bluerov2_interface/lib/python3.12/site-packages/bluerov2_interface/bluerov2_interface_s__rosidl_typesupport_introspection_c.so
-- Up-to-date symlink: /home/ju/Documents/BlueROV/bluerov2_interface/install/bluerov2_interface/lib/python3.12/site-packages/bluerov2_interface/bluerov2_interface_s__rosidl_typesupport_c.so
-- Up-to-date symlink: /home/ju/Documents/BlueROV/bluerov2_interface/install/bluerov2_interface/share/bluerov2_interface/srv/SetMode.idl
-- Up-to-date symlink: /home/ju/Documents/BlueROV/bluerov2_interface/install/bluerov2_interface/share/bluerov2_interface/srv/SetMode.srv
-- Up-to-date symlink: /home/ju/Documents/BlueROV/bluerov2_interface/install/bluerov2_interface/lib/python3.12/site-packages/bluerov2_bridge-0.0.0-py3.12.egg-info/PKG-INFO
-- Up-to-date symlink: /home/ju/Documents/BlueROV/bluerov2_interface/install/bluerov2_interface/lib/python3.12/site-packages/bluerov2_bridge-0.0.0-py3.12.egg-info/SOURCES.txt
-- Up-to-date symlink: /home/ju/Documents/BlueROV/bluerov2_interface/install/bluerov2_interface/lib/python3.12/site-packages/bluerov2_bridge-0.0.0-py3.12.egg-info/dependency_links.txt
-- Up-to-date symlink: /home/ju/Documents/BlueROV/bluerov2_interface/install/bluerov2_interface/lib/python3.12/site-packages/bluerov2_bridge-0.0.0-py3.12.egg-info/top_level.txt
-- Up-to-date symlink: /home/ju/Documents/BlueROV/bluerov2_interface/install/bluerov2_interface/lib/python3.12/site-packages/bluerov2_bridge/__init__.py
-- Up-to-date symlink: /home/ju/Documents/BlueROV/bluerov2_interface/install/bluerov2_interface/lib/python3.12/site-packages/bluerov2_bridge/bridge.py
-- Up-to-date symlink: /home/ju/Documents/BlueROV/bluerov2_interface/install/bluerov2_interface/lib/python3.12/site-packages/bluerov2_bridge/publishers.py
-- Up-to-date symlink: /home/ju/Documents/BlueROV/bluerov2_interface/install/bluerov2_interface/lib/python3.12/site-packages/bluerov2_bridge/services.py
-- Up-to-date symlink: /home/ju/Documents/BlueROV/bluerov2_interface/install/bluerov2_interface/lib/python3.12/site-packages/bluerov2_bridge/subscribers.py
-- Up-to-date symlink: /home/ju/Documents/BlueROV/bluerov2_interface/install/bluerov2_interface/lib/bluerov2_interface/node.py
-- Up-to-date symlink: /home/ju/Documents/BlueROV/bluerov2_interface/install/bluerov2_interface/lib/bluerov2_interface/teleop.py
-- Up-to-date symlink: /home/ju/Documents/BlueROV/bluerov2_interface/install/bluerov2_interface/share/bluerov2_interface//launch/bluerov2_launch.xml
-- Up-to-date symlink: /home/ju/Documents/BlueROV/bluerov2_interface/install/bluerov2_interface/share/ament_index/resource_index/package_run_dependencies/bluerov2_interface
-- Up-to-date symlink: /home/ju/Documents/BlueROV/bluerov2_interface/install/bluerov2_interface/share/ament_index/resource_index/parent_prefix_path/bluerov2_interface
-- Up-to-date symlink: /home/ju/Documents/BlueROV/bluerov2_interface/install/bluerov2_interface/share/bluerov2_interface/environment/ament_prefix_path.sh
-- Up-to-date symlink: /home/ju/Documents/BlueROV/bluerov2_interface/install/bluerov2_interface/share/bluerov2_interface/environment/ament_prefix_path.dsv
-- Up-to-date symlink: /home/ju/Documents/BlueROV/bluerov2_interface/install/bluerov2_interface/share/bluerov2_interface/environment/path.sh
-- Up-to-date symlink: /home/ju/Documents/BlueROV/bluerov2_interface/install/bluerov2_interface/share/bluerov2_interface/environment/path.dsv
-- Up-to-date symlink: /home/ju/Documents/BlueROV/bluerov2_interface/install/bluerov2_interface/share/bluerov2_interface/local_setup.bash
-- Up-to-date symlink: /home/ju/Documents/BlueROV/bluerov2_interface/install/bluerov2_interface/share/bluerov2_interface/local_setup.sh
-- Up-to-date symlink: /home/ju/Documents/BlueROV/bluerov2_interface/install/bluerov2_interface/share/bluerov2_interface/local_setup.zsh
-- Up-to-date symlink: /home/ju/Documents/BlueROV/bluerov2_interface/install/bluerov2_interface/share/bluerov2_interface/local_setup.dsv
-- Symlinking: /home/ju/Documents/BlueROV/bluerov2_interface/install/bluerov2_interface/share/bluerov2_interface/package.dsv
-- Up-to-date symlink: /home/ju/Documents/BlueROV/bluerov2_interface/install/bluerov2_interface/share/ament_index/resource_index/packages/bluerov2_interface
-- Up-to-date symlink: /home/ju/Documents/BlueROV/bluerov2_interface/install/bluerov2_interface/share/bluerov2_interface/cmake/rosidl_cmake-extras.cmake
-- Up-to-date symlink: /home/ju/Documents/BlueROV/bluerov2_interface/install/bluerov2_interface/share/bluerov2_interface/cmake/ament_cmake_export_dependencies-extras.cmake
-- Up-to-date symlink: /home/ju/Documents/BlueROV/bluerov2_interface/install/bluerov2_interface/share/bluerov2_interface/cmake/ament_cmake_export_include_directories-extras.cmake
-- Up-to-date symlink: /home/ju/Documents/BlueROV/bluerov2_interface/install/bluerov2_interface/share/bluerov2_interface/cmake/ament_cmake_export_libraries-extras.cmake
-- Up-to-date symlink: /home/ju/Documents/BlueROV/bluerov2_interface/install/bluerov2_interface/share/bluerov2_interface/cmake/ament_cmake_export_targets-extras.cmake
-- Up-to-date symlink: /home/ju/Documents/BlueROV/bluerov2_interface/install/bluerov2_interface/share/bluerov2_interface/cmake/rosidl_cmake_export_typesupport_targets-extras.cmake
-- Up-to-date symlink: /home/ju/Documents/BlueROV/bluerov2_interface/install/bluerov2_interface/share/bluerov2_interface/cmake/rosidl_cmake_export_typesupport_libraries-extras.cmake
-- Up-to-date symlink: /home/ju/Documents/BlueROV/bluerov2_interface/install/bluerov2_interface/share/bluerov2_interface/cmake/bluerov2_interfaceConfig.cmake
-- Up-to-date symlink: /home/ju/Documents/BlueROV/bluerov2_interface/install/bluerov2_interface/share/bluerov2_interface/cmake/bluerov2_interfaceConfig-version.cmake
-- Up-to-date symlink: /home/ju/Documents/BlueROV/bluerov2_interface/install/bluerov2_interface/share/bluerov2_interface/package.xml
-- Set non-toolchain portion of runtime path of "/home/ju/Documents/BlueROV/bluerov2_interface/install/bluerov2_interface/lib/libbluerov2_interface__rosidl_generator_c.so" to ""
-- Set non-toolchain portion of runtime path of "/home/ju/Documents/BlueROV/bluerov2_interface/install/bluerov2_interface/lib/libbluerov2_interface__rosidl_typesupport_fastrtps_c.so" to ""
-- Set non-toolchain portion of runtime path of "/home/ju/Documents/BlueROV/bluerov2_interface/install/bluerov2_interface/lib/libbluerov2_interface__rosidl_typesupport_fastrtps_cpp.so" to ""
-- Set non-toolchain portion of runtime path of "/home/ju/Documents/BlueROV/bluerov2_interface/install/bluerov2_interface/lib/libbluerov2_interface__rosidl_typesupport_introspection_c.so" to ""
-- Set non-toolchain portion of runtime path of "/home/ju/Documents/BlueROV/bluerov2_interface/install/bluerov2_interface/lib/libbluerov2_interface__rosidl_typesupport_c.so" to ""
-- Set non-toolchain portion of runtime path of "/home/ju/Documents/BlueROV/bluerov2_interface/install/bluerov2_interface/lib/libbluerov2_interface__rosidl_typesupport_introspection_cpp.so" to ""
-- Set non-toolchain portion of runtime path of "/home/ju/Documents/BlueROV/bluerov2_interface/install/bluerov2_interface/lib/libbluerov2_interface__rosidl_typesupport_cpp.so" to ""
Listing '/home/ju/Documents/BlueROV/bluerov2_interface/install/bluerov2_interface/lib/python3.12/site-packages/bluerov2_interface'...
Listing '/home/ju/Documents/BlueROV/bluerov2_interface/install/bluerov2_interface/lib/python3.12/site-packages/bluerov2_interface/srv'...
-- Set non-toolchain portion of runtime path of "/home/ju/Documents/BlueROV/bluerov2_interface/install/bluerov2_interface/lib/libbluerov2_interface__rosidl_generator_py.so" to ""
Listing '/home/ju/Documents/BlueROV/bluerov2_interface/install/bluerov2_interface/lib/python3.12/site-packages/bluerov2_bridge'...
