[0.020s] Invoking command in '/home/ju/Documents/BlueROV/bluerov2_interface/build/bluerov2_interface': CMAKE_PREFIX_PATH=/home/ju/Documents/BlueROV/bluerov2_interface/install/bluerov2_interface:/home/ju/ros2_ws/install/ueye_cam:/home/ju/ros2_ws/install/cola2_stonefish:/home/ju/ros2_ws/install/stonefish_ros2:/opt/ros/jazzy:/home/ju/ros2_ws/install/cola2_msgs:/opt/ros/jazzy/opt/gz_math_vendor:/opt/ros/jazzy/opt/gz_utils_vendor:/opt/ros/jazzy/opt/gz_cmake_vendor DEBUGINFOD_URLS=https://debuginfod.ubuntu.com /usr/bin/cmake --build /home/ju/Documents/BlueROV/bluerov2_interface/build/bluerov2_interface -- -j22 -l22
[0.137s] [  2%] Built target bluerov2_interface__rosidl_generator_type_description
[0.144s] [  2%] Built target ament_cmake_python_symlink_bluerov2_bridge
[0.147s] [  2%] Built target ament_cmake_python_symlink_bluerov2_interface
[0.167s] [  5%] Built target bluerov2_interface__cpp
[0.174s] [  8%] [32mBuilding C object CMakeFiles/bluerov2_interface__rosidl_generator_c.dir/rosidl_generator_c/bluerov2_interface/srv/detail/set_mode__description.c.o[0m
[0.175s] [ 14%] [32mBuilding C object CMakeFiles/bluerov2_interface__rosidl_generator_c.dir/rosidl_generator_c/bluerov2_interface/srv/detail/set_mode__functions.c.o[0m
[0.175s] [ 14%] [32mBuilding C object CMakeFiles/bluerov2_interface__rosidl_generator_c.dir/rosidl_generator_c/bluerov2_interface/srv/detail/set_mode__type_support.c.o[0m
[0.304s] [ 17%] [32m[1mLinking C shared library libbluerov2_interface__rosidl_generator_c.so[0m
[0.368s] [ 20%] Built target bluerov2_interface__rosidl_generator_c
[0.405s] [ 23%] [32mBuilding CXX object CMakeFiles/bluerov2_interface__rosidl_typesupport_fastrtps_c.dir/rosidl_typesupport_fastrtps_c/bluerov2_interface/srv/detail/set_mode__type_support_c.cpp.o[0m
[0.405s] [ 29%] [32mBuilding CXX object CMakeFiles/bluerov2_interface__rosidl_typesupport_cpp.dir/rosidl_typesupport_cpp/bluerov2_interface/srv/set_mode__type_support.cpp.o[0m
[0.406s] [ 29%] [32mBuilding CXX object CMakeFiles/bluerov2_interface__rosidl_typesupport_fastrtps_cpp.dir/rosidl_typesupport_fastrtps_cpp/bluerov2_interface/srv/detail/dds_fastrtps/set_mode__type_support.cpp.o[0m
[0.406s] [ 32%] [32mBuilding C object CMakeFiles/bluerov2_interface__rosidl_typesupport_introspection_c.dir/rosidl_typesupport_introspection_c/bluerov2_interface/srv/detail/set_mode__type_support.c.o[0m
[0.406s] [ 35%] [32mBuilding CXX object CMakeFiles/bluerov2_interface__rosidl_typesupport_c.dir/rosidl_typesupport_c/bluerov2_interface/srv/set_mode__type_support.cpp.o[0m
[0.407s] [ 38%] [32mBuilding CXX object CMakeFiles/bluerov2_interface__rosidl_typesupport_introspection_cpp.dir/rosidl_typesupport_introspection_cpp/bluerov2_interface/srv/detail/set_mode__type_support.cpp.o[0m
[0.428s] running egg_info
[0.428s] running egg_info
[0.442s] writing bluerov2_bridge.egg-info/PKG-INFO
[0.442s] writing bluerov2_interface.egg-info/PKG-INFO
[0.442s] writing dependency_links to bluerov2_bridge.egg-info/dependency_links.txt
[0.443s] writing dependency_links to bluerov2_interface.egg-info/dependency_links.txt
[0.443s] writing top-level names to bluerov2_bridge.egg-info/top_level.txt
[0.443s] writing top-level names to bluerov2_interface.egg-info/top_level.txt
[0.477s] [ 41%] [32m[1mLinking C shared library libbluerov2_interface__rosidl_typesupport_introspection_c.so[0m
[0.484s] reading manifest file 'bluerov2_interface.egg-info/SOURCES.txt'
[0.485s] reading manifest file 'bluerov2_bridge.egg-info/SOURCES.txt'
[0.485s] writing manifest file 'bluerov2_interface.egg-info/SOURCES.txt'
[0.486s] writing manifest file 'bluerov2_bridge.egg-info/SOURCES.txt'
[0.509s] [ 44%] [32m[1mLinking CXX shared library libbluerov2_interface__rosidl_typesupport_c.so[0m
[0.519s] [ 44%] Built target ament_cmake_python_build_bluerov2_bridge_egg
[0.519s] [ 44%] Built target ament_cmake_python_build_bluerov2_interface_egg
[0.522s] [ 47%] Built target bluerov2_interface__rosidl_typesupport_introspection_c
[0.567s] [ 50%] Built target bluerov2_interface__rosidl_typesupport_c
[0.848s] [ 52%] [32m[1mLinking CXX shared library libbluerov2_interface__rosidl_typesupport_cpp.so[0m
[0.876s] [ 55%] [32m[1mLinking CXX shared library libbluerov2_interface__rosidl_typesupport_introspection_cpp.so[0m
[0.942s] [ 58%] Built target bluerov2_interface__rosidl_typesupport_cpp
[0.950s] [ 61%] [32m[1mLinking CXX shared library libbluerov2_interface__rosidl_typesupport_fastrtps_c.so[0m
[0.968s] [ 64%] Built target bluerov2_interface__rosidl_typesupport_introspection_cpp
[1.045s] [ 67%] Built target bluerov2_interface__rosidl_typesupport_fastrtps_c
[1.056s] [ 70%] [32m[1mLinking CXX shared library libbluerov2_interface__rosidl_typesupport_fastrtps_cpp.so[0m
[1.149s] [ 73%] Built target bluerov2_interface__rosidl_typesupport_fastrtps_cpp
[1.185s] [ 73%] Built target bluerov2_interface
[1.221s] [ 76%] Built target bluerov2_interface__py
[1.269s] [ 79%] [32mBuilding C object CMakeFiles/bluerov2_interface__rosidl_generator_py.dir/rosidl_generator_py/bluerov2_interface/srv/_set_mode_s.c.o[0m
[1.478s] [ 82%] [32m[1mLinking C shared library libbluerov2_interface__rosidl_generator_py.so[0m
[1.537s] [ 82%] Built target bluerov2_interface__rosidl_generator_py
[1.574s] [ 85%] [32mBuilding C object CMakeFiles/bluerov2_interface_s__rosidl_typesupport_fastrtps_c.dir/rosidl_generator_py/bluerov2_interface/_bluerov2_interface_s.ep.rosidl_typesupport_fastrtps_c.c.o[0m
[1.575s] [ 91%] [32mBuilding C object CMakeFiles/bluerov2_interface_s__rosidl_typesupport_introspection_c.dir/rosidl_generator_py/bluerov2_interface/_bluerov2_interface_s.ep.rosidl_typesupport_introspection_c.c.o[0m
[1.575s] [ 91%] [32mBuilding C object CMakeFiles/bluerov2_interface_s__rosidl_typesupport_c.dir/rosidl_generator_py/bluerov2_interface/_bluerov2_interface_s.ep.rosidl_typesupport_c.c.o[0m
[1.695s] [ 94%] [32m[1mLinking C shared module rosidl_generator_py/bluerov2_interface/bluerov2_interface_s__rosidl_typesupport_fastrtps_c.so[0m
[1.695s] [100%] [32m[1mLinking C shared module rosidl_generator_py/bluerov2_interface/bluerov2_interface_s__rosidl_typesupport_c.so[0m
[1.695s] [100%] [32m[1mLinking C shared module rosidl_generator_py/bluerov2_interface/bluerov2_interface_s__rosidl_typesupport_introspection_c.so[0m
[1.740s] [100%] Built target bluerov2_interface_s__rosidl_typesupport_c
[1.740s] [100%] Built target bluerov2_interface_s__rosidl_typesupport_fastrtps_c
[1.741s] [100%] Built target bluerov2_interface_s__rosidl_typesupport_introspection_c
[1.758s] Invoked command in '/home/ju/Documents/BlueROV/bluerov2_interface/build/bluerov2_interface' returned '0': CMAKE_PREFIX_PATH=/home/ju/Documents/BlueROV/bluerov2_interface/install/bluerov2_interface:/home/ju/ros2_ws/install/ueye_cam:/home/ju/ros2_ws/install/cola2_stonefish:/home/ju/ros2_ws/install/stonefish_ros2:/opt/ros/jazzy:/home/ju/ros2_ws/install/cola2_msgs:/opt/ros/jazzy/opt/gz_math_vendor:/opt/ros/jazzy/opt/gz_utils_vendor:/opt/ros/jazzy/opt/gz_cmake_vendor DEBUGINFOD_URLS=https://debuginfod.ubuntu.com /usr/bin/cmake --build /home/ju/Documents/BlueROV/bluerov2_interface/build/bluerov2_interface -- -j22 -l22
[1.773s] Invoking command in '/home/ju/Documents/BlueROV/bluerov2_interface/build/bluerov2_interface': CMAKE_PREFIX_PATH=/home/ju/Documents/BlueROV/bluerov2_interface/install/bluerov2_interface:/home/ju/ros2_ws/install/ueye_cam:/home/ju/ros2_ws/install/cola2_stonefish:/home/ju/ros2_ws/install/stonefish_ros2:/opt/ros/jazzy:/home/ju/ros2_ws/install/cola2_msgs:/opt/ros/jazzy/opt/gz_math_vendor:/opt/ros/jazzy/opt/gz_utils_vendor:/opt/ros/jazzy/opt/gz_cmake_vendor DEBUGINFOD_URLS=https://debuginfod.ubuntu.com /usr/bin/cmake --install /home/ju/Documents/BlueROV/bluerov2_interface/build/bluerov2_interface
[1.785s] -- Install configuration: ""
[1.787s] -- Execute custom install script
[1.788s] -- Up-to-date symlink: /home/ju/Documents/BlueROV/bluerov2_interface/install/bluerov2_interface/share/ament_index/resource_index/rosidl_interfaces/bluerov2_interface
[1.788s] -- Up-to-date symlink: /home/ju/Documents/BlueROV/bluerov2_interface/install/bluerov2_interface/share/bluerov2_interface/srv/SetMode.json
[1.790s] -- Up-to-date symlink: /home/ju/Documents/BlueROV/bluerov2_interface/install/bluerov2_interface/include/bluerov2_interface/bluerov2_interface/msg/rosidl_generator_c__visibility_control.h
[1.790s] -- Up-to-date symlink: /home/ju/Documents/BlueROV/bluerov2_interface/install/bluerov2_interface/include/bluerov2_interface/bluerov2_interface/srv/detail/set_mode__functions.h
[1.790s] -- Up-to-date symlink: /home/ju/Documents/BlueROV/bluerov2_interface/install/bluerov2_interface/include/bluerov2_interface/bluerov2_interface/srv/detail/set_mode__struct.h
[1.790s] -- Up-to-date symlink: /home/ju/Documents/BlueROV/bluerov2_interface/install/bluerov2_interface/include/bluerov2_interface/bluerov2_interface/srv/detail/set_mode__type_support.h
[1.791s] -- Up-to-date symlink: /home/ju/Documents/BlueROV/bluerov2_interface/install/bluerov2_interface/include/bluerov2_interface/bluerov2_interface/srv/set_mode.h
[1.791s] -- Up-to-date symlink: /home/ju/Documents/BlueROV/bluerov2_interface/install/bluerov2_interface/share/bluerov2_interface/environment/library_path.sh
[1.791s] -- Up-to-date symlink: /home/ju/Documents/BlueROV/bluerov2_interface/install/bluerov2_interface/share/bluerov2_interface/environment/library_path.dsv
[1.791s] -- Up-to-date symlink: /home/ju/Documents/BlueROV/bluerov2_interface/install/bluerov2_interface/include/bluerov2_interface/bluerov2_interface/msg/rosidl_typesupport_fastrtps_c__visibility_control.h
[1.791s] -- Up-to-date symlink: /home/ju/Documents/BlueROV/bluerov2_interface/install/bluerov2_interface/include/bluerov2_interface/bluerov2_interface/srv/detail/set_mode__rosidl_typesupport_fastrtps_c.h
[1.792s] -- Up-to-date symlink: /home/ju/Documents/BlueROV/bluerov2_interface/install/bluerov2_interface/include/bluerov2_interface/bluerov2_interface/msg/rosidl_generator_cpp__visibility_control.hpp
[1.792s] -- Up-to-date symlink: /home/ju/Documents/BlueROV/bluerov2_interface/install/bluerov2_interface/include/bluerov2_interface/bluerov2_interface/srv/detail/set_mode__builder.hpp
[1.792s] -- Up-to-date symlink: /home/ju/Documents/BlueROV/bluerov2_interface/install/bluerov2_interface/include/bluerov2_interface/bluerov2_interface/srv/detail/set_mode__struct.hpp
[1.792s] -- Up-to-date symlink: /home/ju/Documents/BlueROV/bluerov2_interface/install/bluerov2_interface/include/bluerov2_interface/bluerov2_interface/srv/detail/set_mode__traits.hpp
[1.792s] -- Up-to-date symlink: /home/ju/Documents/BlueROV/bluerov2_interface/install/bluerov2_interface/include/bluerov2_interface/bluerov2_interface/srv/detail/set_mode__type_support.hpp
[1.792s] -- Up-to-date symlink: /home/ju/Documents/BlueROV/bluerov2_interface/install/bluerov2_interface/include/bluerov2_interface/bluerov2_interface/srv/set_mode.hpp
[1.793s] -- Up-to-date symlink: /home/ju/Documents/BlueROV/bluerov2_interface/install/bluerov2_interface/include/bluerov2_interface/bluerov2_interface/msg/rosidl_typesupport_fastrtps_cpp__visibility_control.h
[1.793s] -- Up-to-date symlink: /home/ju/Documents/BlueROV/bluerov2_interface/install/bluerov2_interface/include/bluerov2_interface/bluerov2_interface/srv/detail/set_mode__rosidl_typesupport_fastrtps_cpp.hpp
[1.793s] -- Up-to-date symlink: /home/ju/Documents/BlueROV/bluerov2_interface/install/bluerov2_interface/include/bluerov2_interface/bluerov2_interface/msg/rosidl_typesupport_introspection_c__visibility_control.h
[1.793s] -- Up-to-date symlink: /home/ju/Documents/BlueROV/bluerov2_interface/install/bluerov2_interface/include/bluerov2_interface/bluerov2_interface/srv/detail/set_mode__rosidl_typesupport_introspection_c.h
[1.794s] -- Up-to-date symlink: /home/ju/Documents/BlueROV/bluerov2_interface/install/bluerov2_interface/include/bluerov2_interface/bluerov2_interface/srv/detail/set_mode__rosidl_typesupport_introspection_cpp.hpp
[1.794s] -- Up-to-date symlink: /home/ju/Documents/BlueROV/bluerov2_interface/install/bluerov2_interface/share/bluerov2_interface/environment/pythonpath.sh
[1.794s] -- Up-to-date symlink: /home/ju/Documents/BlueROV/bluerov2_interface/install/bluerov2_interface/share/bluerov2_interface/environment/pythonpath.dsv
[1.795s] -- Up-to-date symlink: /home/ju/Documents/BlueROV/bluerov2_interface/install/bluerov2_interface/lib/python3.12/site-packages/bluerov2_interface-0.0.0-py3.12.egg-info/PKG-INFO
[1.795s] -- Up-to-date symlink: /home/ju/Documents/BlueROV/bluerov2_interface/install/bluerov2_interface/lib/python3.12/site-packages/bluerov2_interface-0.0.0-py3.12.egg-info/SOURCES.txt
[1.795s] -- Up-to-date symlink: /home/ju/Documents/BlueROV/bluerov2_interface/install/bluerov2_interface/lib/python3.12/site-packages/bluerov2_interface-0.0.0-py3.12.egg-info/dependency_links.txt
[1.795s] -- Up-to-date symlink: /home/ju/Documents/BlueROV/bluerov2_interface/install/bluerov2_interface/lib/python3.12/site-packages/bluerov2_interface-0.0.0-py3.12.egg-info/top_level.txt
[1.796s] -- Up-to-date symlink: /home/ju/Documents/BlueROV/bluerov2_interface/install/bluerov2_interface/lib/python3.12/site-packages/bluerov2_interface/__init__.py
[1.796s] -- Up-to-date symlink: /home/ju/Documents/BlueROV/bluerov2_interface/install/bluerov2_interface/lib/python3.12/site-packages/bluerov2_interface/_bluerov2_interface_s.ep.rosidl_typesupport_c.c
[1.796s] -- Up-to-date symlink: /home/ju/Documents/BlueROV/bluerov2_interface/install/bluerov2_interface/lib/python3.12/site-packages/bluerov2_interface/_bluerov2_interface_s.ep.rosidl_typesupport_fastrtps_c.c
[1.796s] -- Up-to-date symlink: /home/ju/Documents/BlueROV/bluerov2_interface/install/bluerov2_interface/lib/python3.12/site-packages/bluerov2_interface/_bluerov2_interface_s.ep.rosidl_typesupport_introspection_c.c
[1.796s] -- Up-to-date symlink: /home/ju/Documents/BlueROV/bluerov2_interface/install/bluerov2_interface/lib/python3.12/site-packages/bluerov2_interface/bluerov2_interface_s__rosidl_typesupport_c.so
[1.796s] -- Up-to-date symlink: /home/ju/Documents/BlueROV/bluerov2_interface/install/bluerov2_interface/lib/python3.12/site-packages/bluerov2_interface/bluerov2_interface_s__rosidl_typesupport_fastrtps_c.so
[1.796s] -- Up-to-date symlink: /home/ju/Documents/BlueROV/bluerov2_interface/install/bluerov2_interface/lib/python3.12/site-packages/bluerov2_interface/bluerov2_interface_s__rosidl_typesupport_introspection_c.so
[1.797s] -- Up-to-date symlink: /home/ju/Documents/BlueROV/bluerov2_interface/install/bluerov2_interface/lib/python3.12/site-packages/bluerov2_interface/srv/__init__.py
[1.797s] -- Up-to-date symlink: /home/ju/Documents/BlueROV/bluerov2_interface/install/bluerov2_interface/lib/python3.12/site-packages/bluerov2_interface/srv/_set_mode.py
[1.797s] -- Up-to-date symlink: /home/ju/Documents/BlueROV/bluerov2_interface/install/bluerov2_interface/lib/python3.12/site-packages/bluerov2_interface/srv/_set_mode_s.c
[1.798s] -- Up-to-date symlink: /home/ju/Documents/BlueROV/bluerov2_interface/install/bluerov2_interface/lib/python3.12/site-packages/bluerov2_interface/bluerov2_interface_s__rosidl_typesupport_fastrtps_c.so
[1.798s] -- Up-to-date symlink: /home/ju/Documents/BlueROV/bluerov2_interface/install/bluerov2_interface/lib/python3.12/site-packages/bluerov2_interface/bluerov2_interface_s__rosidl_typesupport_introspection_c.so
[1.799s] -- Up-to-date symlink: /home/ju/Documents/BlueROV/bluerov2_interface/install/bluerov2_interface/lib/python3.12/site-packages/bluerov2_interface/bluerov2_interface_s__rosidl_typesupport_c.so
[1.799s] -- Up-to-date symlink: /home/ju/Documents/BlueROV/bluerov2_interface/install/bluerov2_interface/share/bluerov2_interface/srv/SetMode.idl
[1.799s] -- Up-to-date symlink: /home/ju/Documents/BlueROV/bluerov2_interface/install/bluerov2_interface/share/bluerov2_interface/srv/SetMode.srv
[1.800s] -- Up-to-date symlink: /home/ju/Documents/BlueROV/bluerov2_interface/install/bluerov2_interface/lib/python3.12/site-packages/bluerov2_bridge-0.0.0-py3.12.egg-info/PKG-INFO
[1.800s] -- Up-to-date symlink: /home/ju/Documents/BlueROV/bluerov2_interface/install/bluerov2_interface/lib/python3.12/site-packages/bluerov2_bridge-0.0.0-py3.12.egg-info/SOURCES.txt
[1.800s] -- Up-to-date symlink: /home/ju/Documents/BlueROV/bluerov2_interface/install/bluerov2_interface/lib/python3.12/site-packages/bluerov2_bridge-0.0.0-py3.12.egg-info/dependency_links.txt
[1.800s] -- Up-to-date symlink: /home/ju/Documents/BlueROV/bluerov2_interface/install/bluerov2_interface/lib/python3.12/site-packages/bluerov2_bridge-0.0.0-py3.12.egg-info/top_level.txt
[1.800s] -- Up-to-date symlink: /home/ju/Documents/BlueROV/bluerov2_interface/install/bluerov2_interface/lib/python3.12/site-packages/bluerov2_bridge/__init__.py
[1.800s] -- Up-to-date symlink: /home/ju/Documents/BlueROV/bluerov2_interface/install/bluerov2_interface/lib/python3.12/site-packages/bluerov2_bridge/bridge.py
[1.801s] -- Up-to-date symlink: /home/ju/Documents/BlueROV/bluerov2_interface/install/bluerov2_interface/lib/python3.12/site-packages/bluerov2_bridge/publishers.py
[1.801s] -- Up-to-date symlink: /home/ju/Documents/BlueROV/bluerov2_interface/install/bluerov2_interface/lib/python3.12/site-packages/bluerov2_bridge/services.py
[1.801s] -- Up-to-date symlink: /home/ju/Documents/BlueROV/bluerov2_interface/install/bluerov2_interface/lib/python3.12/site-packages/bluerov2_bridge/subscribers.py
[1.801s] -- Up-to-date symlink: /home/ju/Documents/BlueROV/bluerov2_interface/install/bluerov2_interface/lib/bluerov2_interface/node.py
[1.801s] -- Up-to-date symlink: /home/ju/Documents/BlueROV/bluerov2_interface/install/bluerov2_interface/lib/bluerov2_interface/teleop.py
[1.801s] -- Up-to-date symlink: /home/ju/Documents/BlueROV/bluerov2_interface/install/bluerov2_interface/share/bluerov2_interface//launch/bluerov2_launch.xml
[1.802s] -- Up-to-date symlink: /home/ju/Documents/BlueROV/bluerov2_interface/install/bluerov2_interface/share/ament_index/resource_index/package_run_dependencies/bluerov2_interface
[1.802s] -- Up-to-date symlink: /home/ju/Documents/BlueROV/bluerov2_interface/install/bluerov2_interface/share/ament_index/resource_index/parent_prefix_path/bluerov2_interface
[1.802s] -- Up-to-date symlink: /home/ju/Documents/BlueROV/bluerov2_interface/install/bluerov2_interface/share/bluerov2_interface/environment/ament_prefix_path.sh
[1.802s] -- Up-to-date symlink: /home/ju/Documents/BlueROV/bluerov2_interface/install/bluerov2_interface/share/bluerov2_interface/environment/ament_prefix_path.dsv
[1.802s] -- Up-to-date symlink: /home/ju/Documents/BlueROV/bluerov2_interface/install/bluerov2_interface/share/bluerov2_interface/environment/path.sh
[1.802s] -- Up-to-date symlink: /home/ju/Documents/BlueROV/bluerov2_interface/install/bluerov2_interface/share/bluerov2_interface/environment/path.dsv
[1.802s] -- Up-to-date symlink: /home/ju/Documents/BlueROV/bluerov2_interface/install/bluerov2_interface/share/bluerov2_interface/local_setup.bash
[1.803s] -- Up-to-date symlink: /home/ju/Documents/BlueROV/bluerov2_interface/install/bluerov2_interface/share/bluerov2_interface/local_setup.sh
[1.803s] -- Up-to-date symlink: /home/ju/Documents/BlueROV/bluerov2_interface/install/bluerov2_interface/share/bluerov2_interface/local_setup.zsh
[1.803s] -- Up-to-date symlink: /home/ju/Documents/BlueROV/bluerov2_interface/install/bluerov2_interface/share/bluerov2_interface/local_setup.dsv
[1.803s] -- Symlinking: /home/ju/Documents/BlueROV/bluerov2_interface/install/bluerov2_interface/share/bluerov2_interface/package.dsv
[1.816s] -- Up-to-date symlink: /home/ju/Documents/BlueROV/bluerov2_interface/install/bluerov2_interface/share/ament_index/resource_index/packages/bluerov2_interface
[1.816s] -- Up-to-date symlink: /home/ju/Documents/BlueROV/bluerov2_interface/install/bluerov2_interface/share/bluerov2_interface/cmake/rosidl_cmake-extras.cmake
[1.816s] -- Up-to-date symlink: /home/ju/Documents/BlueROV/bluerov2_interface/install/bluerov2_interface/share/bluerov2_interface/cmake/ament_cmake_export_dependencies-extras.cmake
[1.816s] -- Up-to-date symlink: /home/ju/Documents/BlueROV/bluerov2_interface/install/bluerov2_interface/share/bluerov2_interface/cmake/ament_cmake_export_include_directories-extras.cmake
[1.816s] -- Up-to-date symlink: /home/ju/Documents/BlueROV/bluerov2_interface/install/bluerov2_interface/share/bluerov2_interface/cmake/ament_cmake_export_libraries-extras.cmake
[1.816s] -- Up-to-date symlink: /home/ju/Documents/BlueROV/bluerov2_interface/install/bluerov2_interface/share/bluerov2_interface/cmake/ament_cmake_export_targets-extras.cmake
[1.816s] -- Up-to-date symlink: /home/ju/Documents/BlueROV/bluerov2_interface/install/bluerov2_interface/share/bluerov2_interface/cmake/rosidl_cmake_export_typesupport_targets-extras.cmake
[1.816s] -- Up-to-date symlink: /home/ju/Documents/BlueROV/bluerov2_interface/install/bluerov2_interface/share/bluerov2_interface/cmake/rosidl_cmake_export_typesupport_libraries-extras.cmake
[1.817s] -- Up-to-date symlink: /home/ju/Documents/BlueROV/bluerov2_interface/install/bluerov2_interface/share/bluerov2_interface/cmake/bluerov2_interfaceConfig.cmake
[1.817s] -- Up-to-date symlink: /home/ju/Documents/BlueROV/bluerov2_interface/install/bluerov2_interface/share/bluerov2_interface/cmake/bluerov2_interfaceConfig-version.cmake
[1.817s] -- Up-to-date symlink: /home/ju/Documents/BlueROV/bluerov2_interface/install/bluerov2_interface/share/bluerov2_interface/package.xml
[1.819s] -- Set non-toolchain portion of runtime path of "/home/ju/Documents/BlueROV/bluerov2_interface/install/bluerov2_interface/lib/libbluerov2_interface__rosidl_generator_c.so" to ""
[1.819s] -- Set non-toolchain portion of runtime path of "/home/ju/Documents/BlueROV/bluerov2_interface/install/bluerov2_interface/lib/libbluerov2_interface__rosidl_typesupport_fastrtps_c.so" to ""
[1.821s] -- Set non-toolchain portion of runtime path of "/home/ju/Documents/BlueROV/bluerov2_interface/install/bluerov2_interface/lib/libbluerov2_interface__rosidl_typesupport_fastrtps_cpp.so" to ""
[1.822s] -- Set non-toolchain portion of runtime path of "/home/ju/Documents/BlueROV/bluerov2_interface/install/bluerov2_interface/lib/libbluerov2_interface__rosidl_typesupport_introspection_c.so" to ""
[1.822s] -- Set non-toolchain portion of runtime path of "/home/ju/Documents/BlueROV/bluerov2_interface/install/bluerov2_interface/lib/libbluerov2_interface__rosidl_typesupport_c.so" to ""
[1.823s] -- Set non-toolchain portion of runtime path of "/home/ju/Documents/BlueROV/bluerov2_interface/install/bluerov2_interface/lib/libbluerov2_interface__rosidl_typesupport_introspection_cpp.so" to ""
[1.824s] -- Set non-toolchain portion of runtime path of "/home/ju/Documents/BlueROV/bluerov2_interface/install/bluerov2_interface/lib/libbluerov2_interface__rosidl_typesupport_cpp.so" to ""
[1.873s] Listing '/home/ju/Documents/BlueROV/bluerov2_interface/install/bluerov2_interface/lib/python3.12/site-packages/bluerov2_interface'...
[1.873s] Listing '/home/ju/Documents/BlueROV/bluerov2_interface/install/bluerov2_interface/lib/python3.12/site-packages/bluerov2_interface/srv'...
[1.880s] -- Set non-toolchain portion of runtime path of "/home/ju/Documents/BlueROV/bluerov2_interface/install/bluerov2_interface/lib/libbluerov2_interface__rosidl_generator_py.so" to ""
[1.927s] Listing '/home/ju/Documents/BlueROV/bluerov2_interface/install/bluerov2_interface/lib/python3.12/site-packages/bluerov2_bridge'...
[1.941s] Invoked command in '/home/ju/Documents/BlueROV/bluerov2_interface/build/bluerov2_interface' returned '0': CMAKE_PREFIX_PATH=/home/ju/Documents/BlueROV/bluerov2_interface/install/bluerov2_interface:/home/ju/ros2_ws/install/ueye_cam:/home/ju/ros2_ws/install/cola2_stonefish:/home/ju/ros2_ws/install/stonefish_ros2:/opt/ros/jazzy:/home/ju/ros2_ws/install/cola2_msgs:/opt/ros/jazzy/opt/gz_math_vendor:/opt/ros/jazzy/opt/gz_utils_vendor:/opt/ros/jazzy/opt/gz_cmake_vendor DEBUGINFOD_URLS=https://debuginfod.ubuntu.com /usr/bin/cmake --install /home/ju/Documents/BlueROV/bluerov2_interface/build/bluerov2_interface
