[0.062s] DEBUG:colcon:Command line arguments: ['/usr/bin/colcon', 'build', '--event-handlers', 'console_direct+', '--cmake-args', '--symlink-install', '--packages-select', 'bluerov2_interface']
[0.062s] DEBUG:colcon:Parsed command line arguments: Namespace(log_base=None, log_level=None, verb_name='build', build_base='build', install_base='install', merge_install=False, symlink_install=True, test_result_base=None, continue_on_error=False, executor='parallel', parallel_workers=22, event_handlers=['console_direct+'], ignore_user_meta=False, metas=['./colcon.meta'], base_paths=['.'], packages_ignore=None, packages_ignore_regex=None, paths=None, packages_up_to=None, packages_up_to_regex=None, packages_above=None, packages_above_and_dependencies=None, packages_above_depth=None, packages_select_by_dep=None, packages_skip_by_dep=None, packages_skip_up_to=None, packages_select_build_failed=False, packages_skip_build_finished=False, packages_select_test_failures=False, packages_skip_test_passed=False, packages_select=['bluerov2_interface'], packages_skip=None, packages_select_regex=None, packages_skip_regex=None, packages_start=None, packages_end=None, allow_overriding=[], cmake_args=[], cmake_target=None, cmake_target_skip_unavailable=False, cmake_clean_cache=False, cmake_clean_first=False, cmake_force_configure=False, ament_cmake_args=None, catkin_cmake_args=None, catkin_skip_building_tests=False, mixin_files=None, mixin=None, verb_parser=<colcon_mixin.mixin.mixin_argument.MixinArgumentDecorator object at 0x7a4149c86c90>, verb_extension=<colcon_core.verb.build.BuildVerb object at 0x7a4149c865d0>, main=<bound method BuildVerb.main of <colcon_core.verb.build.BuildVerb object at 0x7a4149c865d0>>, mixin_verb=('build',))
[0.085s] Level 1:colcon.colcon_core.package_discovery:discover_packages(colcon_meta) check parameters
[0.085s] Level 1:colcon.colcon_core.package_discovery:discover_packages(recursive) check parameters
[0.085s] Level 1:colcon.colcon_core.package_discovery:discover_packages(ignore) check parameters
[0.085s] Level 1:colcon.colcon_core.package_discovery:discover_packages(path) check parameters
[0.085s] Level 1:colcon.colcon_core.package_discovery:discover_packages(colcon_meta) discover
[0.086s] Level 1:colcon.colcon_core.package_discovery:discover_packages(recursive) discover
[0.086s] INFO:colcon.colcon_core.package_discovery:Crawling recursively for packages in '/home/ju/Documents/BlueROV/bluerov2_interface'
[0.086s] Level 1:colcon.colcon_core.package_identification:_identify(.) by extensions ['ignore', 'ignore_ament_install']
[0.086s] Level 1:colcon.colcon_core.package_identification:_identify(.) by extension 'ignore'
[0.086s] Level 1:colcon.colcon_core.package_identification:_identify(.) by extension 'ignore_ament_install'
[0.086s] Level 1:colcon.colcon_core.package_identification:_identify(.) by extensions ['colcon_pkg']
[0.086s] Level 1:colcon.colcon_core.package_identification:_identify(.) by extension 'colcon_pkg'
[0.086s] Level 1:colcon.colcon_core.package_identification:_identify(.) by extensions ['colcon_meta']
[0.086s] Level 1:colcon.colcon_core.package_identification:_identify(.) by extension 'colcon_meta'
[0.086s] Level 1:colcon.colcon_core.package_identification:_identify(.) by extensions ['ros']
[0.086s] Level 1:colcon.colcon_core.package_identification:_identify(.) by extension 'ros'
[0.103s] DEBUG:colcon.colcon_core.package_identification:Package '.' with type 'ros.ament_cmake' and name 'bluerov2_interface'
[0.103s] Level 1:colcon.colcon_core.package_discovery:discover_packages(recursive) using defaults
[0.103s] Level 1:colcon.colcon_core.package_discovery:discover_packages(ignore) discover
[0.103s] Level 1:colcon.colcon_core.package_discovery:discover_packages(ignore) using defaults
[0.103s] Level 1:colcon.colcon_core.package_discovery:discover_packages(path) discover
[0.103s] Level 1:colcon.colcon_core.package_discovery:discover_packages(path) using defaults
[0.114s] Level 1:colcon.colcon_core.package_discovery:discover_packages(prefix_path) check parameters
[0.114s] Level 1:colcon.colcon_core.package_discovery:discover_packages(prefix_path) discover
[0.115s] DEBUG:colcon.colcon_installed_package_information.package_discovery:Found 4 installed packages in /home/ju/ros2_ws/install
[0.116s] DEBUG:colcon.colcon_installed_package_information.package_discovery:Found 295 installed packages in /opt/ros/jazzy
[0.116s] Level 1:colcon.colcon_core.package_discovery:discover_packages(prefix_path) using defaults
[0.142s] Level 5:colcon.colcon_core.verb:set package 'bluerov2_interface' build argument 'cmake_args' from command line to '[]'
[0.142s] Level 5:colcon.colcon_core.verb:set package 'bluerov2_interface' build argument 'cmake_target' from command line to 'None'
[0.142s] Level 5:colcon.colcon_core.verb:set package 'bluerov2_interface' build argument 'cmake_target_skip_unavailable' from command line to 'False'
[0.142s] Level 5:colcon.colcon_core.verb:set package 'bluerov2_interface' build argument 'cmake_clean_cache' from command line to 'False'
[0.142s] Level 5:colcon.colcon_core.verb:set package 'bluerov2_interface' build argument 'cmake_clean_first' from command line to 'False'
[0.142s] Level 5:colcon.colcon_core.verb:set package 'bluerov2_interface' build argument 'cmake_force_configure' from command line to 'False'
[0.142s] Level 5:colcon.colcon_core.verb:set package 'bluerov2_interface' build argument 'ament_cmake_args' from command line to 'None'
[0.142s] Level 5:colcon.colcon_core.verb:set package 'bluerov2_interface' build argument 'catkin_cmake_args' from command line to 'None'
[0.142s] Level 5:colcon.colcon_core.verb:set package 'bluerov2_interface' build argument 'catkin_skip_building_tests' from command line to 'False'
[0.142s] DEBUG:colcon.colcon_core.verb:Building package 'bluerov2_interface' with the following arguments: {'ament_cmake_args': None, 'build_base': '/home/ju/Documents/BlueROV/bluerov2_interface/build/bluerov2_interface', 'catkin_cmake_args': None, 'catkin_skip_building_tests': False, 'cmake_args': [], 'cmake_clean_cache': False, 'cmake_clean_first': False, 'cmake_force_configure': False, 'cmake_target': None, 'cmake_target_skip_unavailable': False, 'install_base': '/home/ju/Documents/BlueROV/bluerov2_interface/install/bluerov2_interface', 'merge_install': False, 'path': '/home/ju/Documents/BlueROV/bluerov2_interface', 'symlink_install': True, 'test_result_base': None}
[0.142s] INFO:colcon.colcon_core.executor:Executing jobs using 'parallel' executor
[0.143s] DEBUG:colcon.colcon_parallel_executor.executor.parallel:run_until_complete
[0.143s] INFO:colcon.colcon_ros.task.ament_cmake.build:Building ROS package in '/home/ju/Documents/BlueROV/bluerov2_interface' with build type 'ament_cmake'
[0.143s] INFO:colcon.colcon_cmake.task.cmake.build:Building CMake package in '/home/ju/Documents/BlueROV/bluerov2_interface'
[0.144s] INFO:colcon.colcon_core.plugin_system:Skipping extension 'colcon_core.shell.bat': Not used on non-Windows systems
[0.144s] INFO:colcon.colcon_core.shell:Skip shell extension 'powershell' for command environment: Not usable outside of PowerShell
[0.145s] DEBUG:colcon.colcon_core.shell:Skip shell extension 'dsv' for command environment
[0.153s] DEBUG:colcon.colcon_core.event_handler.log_command:Invoking command in '/home/ju/Documents/BlueROV/bluerov2_interface/build/bluerov2_interface': CMAKE_PREFIX_PATH=/home/ju/ros2_ws/install/ueye_cam:/home/ju/ros2_ws/install/cola2_stonefish:/home/ju/ros2_ws/install/stonefish_ros2:/opt/ros/jazzy:/home/ju/ros2_ws/install/cola2_msgs:/opt/ros/jazzy/opt/gz_math_vendor:/opt/ros/jazzy/opt/gz_utils_vendor:/opt/ros/jazzy/opt/gz_cmake_vendor DEBUGINFOD_URLS=https://debuginfod.ubuntu.com PS1=(.venv) \[\e]0;\u@\h: \w\a\]${debian_chroot:+($debian_chroot)}\[\033[01;32m\]\u@\h\[\033[00m\]:\[\033[01;34m\]\w\[\033[00m\]\$ VIRTUAL_ENV_PROMPT=(.venv) /usr/bin/cmake /home/ju/Documents/BlueROV/bluerov2_interface -DAMENT_CMAKE_SYMLINK_INSTALL=1 -DCMAKE_INSTALL_PREFIX=/home/ju/Documents/BlueROV/bluerov2_interface/install/bluerov2_interface
[0.604s] DEBUG:colcon.colcon_core.event_handler.log_command:Invoked command in '/home/ju/Documents/BlueROV/bluerov2_interface/build/bluerov2_interface' returned '1': CMAKE_PREFIX_PATH=/home/ju/ros2_ws/install/ueye_cam:/home/ju/ros2_ws/install/cola2_stonefish:/home/ju/ros2_ws/install/stonefish_ros2:/opt/ros/jazzy:/home/ju/ros2_ws/install/cola2_msgs:/opt/ros/jazzy/opt/gz_math_vendor:/opt/ros/jazzy/opt/gz_utils_vendor:/opt/ros/jazzy/opt/gz_cmake_vendor DEBUGINFOD_URLS=https://debuginfod.ubuntu.com PS1=(.venv) \[\e]0;\u@\h: \w\a\]${debian_chroot:+($debian_chroot)}\[\033[01;32m\]\u@\h\[\033[00m\]:\[\033[01;34m\]\w\[\033[00m\]\$ VIRTUAL_ENV_PROMPT=(.venv) /usr/bin/cmake /home/ju/Documents/BlueROV/bluerov2_interface -DAMENT_CMAKE_SYMLINK_INSTALL=1 -DCMAKE_INSTALL_PREFIX=/home/ju/Documents/BlueROV/bluerov2_interface/install/bluerov2_interface
[0.616s] Level 1:colcon.colcon_core.environment:create_environment_scripts_only(bluerov2_interface)
[0.619s] Level 1:colcon.colcon_core.environment:checking '/home/ju/Documents/BlueROV/bluerov2_interface/install/bluerov2_interface' for CMake module files
[0.619s] Level 1:colcon.colcon_core.environment:checking '/home/ju/Documents/BlueROV/bluerov2_interface/install/bluerov2_interface' for CMake config files
[0.619s] Level 1:colcon.colcon_core.environment:checking '/home/ju/Documents/BlueROV/bluerov2_interface/install/bluerov2_interface/bin'
[0.619s] Level 1:colcon.colcon_core.environment:checking '/home/ju/Documents/BlueROV/bluerov2_interface/install/bluerov2_interface/lib/pkgconfig/bluerov2_interface.pc'
[0.620s] Level 1:colcon.colcon_core.environment:checking '/home/ju/Documents/BlueROV/bluerov2_interface/install/bluerov2_interface/lib/python3.12/site-packages'
[0.620s] Level 1:colcon.colcon_core.environment:checking '/home/ju/Documents/BlueROV/bluerov2_interface/install/bluerov2_interface/bin'
[0.620s] INFO:colcon.colcon_core.shell:Creating package script '/home/ju/Documents/BlueROV/bluerov2_interface/install/bluerov2_interface/share/bluerov2_interface/package.ps1'
[0.620s] INFO:colcon.colcon_core.shell:Creating package descriptor '/home/ju/Documents/BlueROV/bluerov2_interface/install/bluerov2_interface/share/bluerov2_interface/package.dsv'
[0.621s] INFO:colcon.colcon_core.shell:Creating package script '/home/ju/Documents/BlueROV/bluerov2_interface/install/bluerov2_interface/share/bluerov2_interface/package.sh'
[0.621s] INFO:colcon.colcon_core.shell:Creating package script '/home/ju/Documents/BlueROV/bluerov2_interface/install/bluerov2_interface/share/bluerov2_interface/package.bash'
[0.621s] INFO:colcon.colcon_core.shell:Creating package script '/home/ju/Documents/BlueROV/bluerov2_interface/install/bluerov2_interface/share/bluerov2_interface/package.zsh'
[0.622s] Level 1:colcon.colcon_core.environment:create_file_with_runtime_dependencies(/home/ju/Documents/BlueROV/bluerov2_interface/install/bluerov2_interface/share/colcon-core/packages/bluerov2_interface)
[0.632s] DEBUG:colcon.colcon_parallel_executor.executor.parallel:closing loop
[0.632s] DEBUG:colcon.colcon_parallel_executor.executor.parallel:loop closed
[0.632s] DEBUG:colcon.colcon_parallel_executor.executor.parallel:run_until_complete finished with '1'
[0.632s] DEBUG:colcon.colcon_core.event_reactor:joining thread
[0.639s] INFO:colcon.colcon_core.plugin_system:Skipping extension 'colcon_notification.desktop_notification.terminal_notifier': Not used on non-Darwin systems
[0.639s] INFO:colcon.colcon_core.plugin_system:Skipping extension 'colcon_notification.desktop_notification.win32': Not used on non-Windows systems
[0.639s] INFO:colcon.colcon_notification.desktop_notification:Sending desktop notification using 'notify2'
[0.649s] DEBUG:colcon.colcon_core.event_reactor:joined thread
[0.649s] INFO:colcon.colcon_core.shell:Creating prefix script '/home/ju/Documents/BlueROV/bluerov2_interface/install/local_setup.ps1'
[0.649s] INFO:colcon.colcon_core.shell:Creating prefix util module '/home/ju/Documents/BlueROV/bluerov2_interface/install/_local_setup_util_ps1.py'
[0.650s] INFO:colcon.colcon_core.shell:Creating prefix chain script '/home/ju/Documents/BlueROV/bluerov2_interface/install/setup.ps1'
[0.650s] INFO:colcon.colcon_core.shell:Creating prefix script '/home/ju/Documents/BlueROV/bluerov2_interface/install/local_setup.sh'
[0.651s] INFO:colcon.colcon_core.shell:Creating prefix util module '/home/ju/Documents/BlueROV/bluerov2_interface/install/_local_setup_util_sh.py'
[0.651s] INFO:colcon.colcon_core.shell:Creating prefix chain script '/home/ju/Documents/BlueROV/bluerov2_interface/install/setup.sh'
[0.652s] INFO:colcon.colcon_core.shell:Creating prefix script '/home/ju/Documents/BlueROV/bluerov2_interface/install/local_setup.bash'
[0.652s] INFO:colcon.colcon_core.shell:Creating prefix chain script '/home/ju/Documents/BlueROV/bluerov2_interface/install/setup.bash'
[0.652s] INFO:colcon.colcon_core.shell:Creating prefix script '/home/ju/Documents/BlueROV/bluerov2_interface/install/local_setup.zsh'
[0.652s] INFO:colcon.colcon_core.shell:Creating prefix chain script '/home/ju/Documents/BlueROV/bluerov2_interface/install/setup.zsh'
