[  2%] Built target bluerov2_interface__rosidl_generator_type_description
[  2%] Built target ament_cmake_python_symlink_bluerov2_interface
[  2%] Built target ament_cmake_python_symlink_bluerov2_bridge
[  5%] Built target bluerov2_interface__cpp
[ 20%] Built target bluerov2_interface__rosidl_generator_c
[ 29%] Built target bluerov2_interface__rosidl_typesupport_introspection_c
[ 38%] Built target bluerov2_interface__rosidl_typesupport_c
[ 47%] Built target bluerov2_interface__rosidl_typesupport_cpp
[ 55%] Built target bluerov2_interface__rosidl_typesupport_fastrtps_c
[ 64%] Built target bluerov2_interface__rosidl_typesupport_introspection_cpp
[ 73%] Built target bluerov2_interface__rosidl_typesupport_fastrtps_cpp
[ 73%] Built target bluerov2_interface
[ 76%] Built target bluerov2_interface__py
[ 82%] Built target bluerov2_interface__rosidl_generator_py
[100%] Built target bluerov2_interface_s__rosidl_typesupport_introspection_c
[100%] Built target bluerov2_interface_s__rosidl_typesupport_fastrtps_c
[100%] Built target bluerov2_interface_s__rosidl_typesupport_c
running egg_info
running egg_info
writing bluerov2_interface.egg-info/PKG-INFO
writing bluerov2_bridge.egg-info/PKG-INFO
writing dependency_links to bluerov2_bridge.egg-info/dependency_links.txt
writing dependency_links to bluerov2_interface.egg-info/dependency_links.txt
writing top-level names to bluerov2_interface.egg-info/top_level.txt
writing top-level names to bluerov2_bridge.egg-info/top_level.txt
reading manifest file 'bluerov2_interface.egg-info/SOURCES.txt'
reading manifest file 'bluerov2_bridge.egg-info/SOURCES.txt'
writing manifest file 'bluerov2_interface.egg-info/SOURCES.txt'
writing manifest file 'bluerov2_bridge.egg-info/SOURCES.txt'
[100%] Built target ament_cmake_python_build_bluerov2_bridge_egg
[100%] Built target ament_cmake_python_build_bluerov2_interface_egg
-- Install configuration: ""
-- Execute custom install script
-- Up-to-date symlink: /home/ju/Documents/BlueROV/bluerov2_interface/install/bluerov2_interface/share/ament_index/resource_index/rosidl_interfaces/bluerov2_interface
-- Up-to-date symlink: /home/ju/Documents/BlueROV/bluerov2_interface/install/bluerov2_interface/share/bluerov2_interface/srv/SetMode.json
-- Up-to-date symlink: /home/ju/Documents/BlueROV/bluerov2_interface/install/bluerov2_interface/include/bluerov2_interface/bluerov2_interface/msg/rosidl_generator_c__visibility_control.h
-- Up-to-date symlink: /home/ju/Documents/BlueROV/bluerov2_interface/install/bluerov2_interface/include/bluerov2_interface/bluerov2_interface/srv/detail/set_mode__functions.h
-- Up-to-date symlink: /home/ju/Documents/BlueROV/bluerov2_interface/install/bluerov2_interface/include/bluerov2_interface/bluerov2_interface/srv/detail/set_mode__struct.h
-- Up-to-date symlink: /home/ju/Documents/BlueROV/bluerov2_interface/install/bluerov2_interface/include/bluerov2_interface/bluerov2_interface/srv/detail/set_mode__type_support.h
-- Up-to-date symlink: /home/ju/Documents/BlueROV/bluerov2_interface/install/bluerov2_interface/include/bluerov2_interface/bluerov2_interface/srv/set_mode.h
-- Up-to-date symlink: /home/ju/Documents/BlueROV/bluerov2_interface/install/bluerov2_interface/share/bluerov2_interface/environment/library_path.sh
-- Up-to-date symlink: /home/ju/Documents/BlueROV/bluerov2_interface/install/bluerov2_interface/share/bluerov2_interface/environment/library_path.dsv
-- Up-to-date symlink: /home/ju/Documents/BlueROV/bluerov2_interface/install/bluerov2_interface/include/bluerov2_interface/bluerov2_interface/msg/rosidl_typesupport_fastrtps_c__visibility_control.h
-- Up-to-date symlink: /home/ju/Documents/BlueROV/bluerov2_interface/install/bluerov2_interface/include/bluerov2_interface/bluerov2_interface/srv/detail/set_mode__rosidl_typesupport_fastrtps_c.h
-- Up-to-date symlink: /home/ju/Documents/BlueROV/bluerov2_interface/install/bluerov2_interface/include/bluerov2_interface/bluerov2_interface/msg/rosidl_generator_cpp__visibility_control.hpp
-- Up-to-date symlink: /home/ju/Documents/BlueROV/bluerov2_interface/install/bluerov2_interface/include/bluerov2_interface/bluerov2_interface/srv/detail/set_mode__builder.hpp
-- Up-to-date symlink: /home/ju/Documents/BlueROV/bluerov2_interface/install/bluerov2_interface/include/bluerov2_interface/bluerov2_interface/srv/detail/set_mode__struct.hpp
-- Up-to-date symlink: /home/ju/Documents/BlueROV/bluerov2_interface/install/bluerov2_interface/include/bluerov2_interface/bluerov2_interface/srv/detail/set_mode__traits.hpp
-- Up-to-date symlink: /home/ju/Documents/BlueROV/bluerov2_interface/install/bluerov2_interface/include/bluerov2_interface/bluerov2_interface/srv/detail/set_mode__type_support.hpp
-- Up-to-date symlink: /home/ju/Documents/BlueROV/bluerov2_interface/install/bluerov2_interface/include/bluerov2_interface/bluerov2_interface/srv/set_mode.hpp
-- Up-to-date symlink: /home/ju/Documents/BlueROV/bluerov2_interface/install/bluerov2_interface/include/bluerov2_interface/bluerov2_interface/msg/rosidl_typesupport_fastrtps_cpp__visibility_control.h
-- Up-to-date symlink: /home/ju/Documents/BlueROV/bluerov2_interface/install/bluerov2_interface/include/bluerov2_interface/bluerov2_interface/srv/detail/set_mode__rosidl_typesupport_fastrtps_cpp.hpp
-- Up-to-date symlink: /home/ju/Documents/BlueROV/bluerov2_interface/install/bluerov2_interface/include/bluerov2_interface/bluerov2_interface/msg/rosidl_typesupport_introspection_c__visibility_control.h
-- Up-to-date symlink: /home/ju/Documents/BlueROV/bluerov2_interface/install/bluerov2_interface/include/bluerov2_interface/bluerov2_interface/srv/detail/set_mode__rosidl_typesupport_introspection_c.h
-- Up-to-date symlink: /home/ju/Documents/BlueROV/bluerov2_interface/install/bluerov2_interface/include/bluerov2_interface/bluerov2_interface/srv/detail/set_mode__rosidl_typesupport_introspection_cpp.hpp
-- Up-to-date symlink: /home/ju/Documents/BlueROV/bluerov2_interface/install/bluerov2_interface/share/bluerov2_interface/environment/pythonpath.sh
-- Up-to-date symlink: /home/ju/Documents/BlueROV/bluerov2_interface/install/bluerov2_interface/share/bluerov2_interface/environment/pythonpath.dsv
-- Up-to-date symlink: /home/ju/Documents/BlueROV/bluerov2_interface/install/bluerov2_interface/lib/python3.12/site-packages/bluerov2_interface-0.0.0-py3.12.egg-info/PKG-INFO
-- Up-to-date symlink: /home/ju/Documents/BlueROV/bluerov2_interface/install/bluerov2_interface/lib/python3.12/site-packages/bluerov2_interface-0.0.0-py3.12.egg-info/SOURCES.txt
-- Up-to-date symlink: /home/ju/Documents/BlueROV/bluerov2_interface/install/bluerov2_interface/lib/python3.12/site-packages/bluerov2_interface-0.0.0-py3.12.egg-info/dependency_links.txt
-- Up-to-date symlink: /home/ju/Documents/BlueROV/bluerov2_interface/install/bluerov2_interface/lib/python3.12/site-packages/bluerov2_interface-0.0.0-py3.12.egg-info/top_level.txt
-- Up-to-date symlink: /home/ju/Documents/BlueROV/bluerov2_interface/install/bluerov2_interface/lib/python3.12/site-packages/bluerov2_interface/__init__.py
-- Up-to-date symlink: /home/ju/Documents/BlueROV/bluerov2_interface/install/bluerov2_interface/lib/python3.12/site-packages/bluerov2_interface/_bluerov2_interface_s.ep.rosidl_typesupport_c.c
-- Up-to-date symlink: /home/ju/Documents/BlueROV/bluerov2_interface/install/bluerov2_interface/lib/python3.12/site-packages/bluerov2_interface/_bluerov2_interface_s.ep.rosidl_typesupport_fastrtps_c.c
-- Up-to-date symlink: /home/ju/Documents/BlueROV/bluerov2_interface/install/bluerov2_interface/lib/python3.12/site-packages/bluerov2_interface/_bluerov2_interface_s.ep.rosidl_typesupport_introspection_c.c
-- Up-to-date symlink: /home/ju/Documents/BlueROV/bluerov2_interface/install/bluerov2_interface/lib/python3.12/site-packages/bluerov2_interface/bluerov2_interface_s__rosidl_typesupport_c.so
-- Up-to-date symlink: /home/ju/Documents/BlueROV/bluerov2_interface/install/bluerov2_interface/lib/python3.12/site-packages/bluerov2_interface/bluerov2_interface_s__rosidl_typesupport_fastrtps_c.so
-- Up-to-date symlink: /home/ju/Documents/BlueROV/bluerov2_interface/install/bluerov2_interface/lib/python3.12/site-packages/bluerov2_interface/bluerov2_interface_s__rosidl_typesupport_introspection_c.so
-- Up-to-date symlink: /home/ju/Documents/BlueROV/bluerov2_interface/install/bluerov2_interface/lib/python3.12/site-packages/bluerov2_interface/srv/__init__.py
-- Up-to-date symlink: /home/ju/Documents/BlueROV/bluerov2_interface/install/bluerov2_interface/lib/python3.12/site-packages/bluerov2_interface/srv/_set_mode.py
-- Up-to-date symlink: /home/ju/Documents/BlueROV/bluerov2_interface/install/bluerov2_interface/lib/python3.12/site-packages/bluerov2_interface/srv/_set_mode_s.c
-- Up-to-date symlink: /home/ju/Documents/BlueROV/bluerov2_interface/install/bluerov2_interface/lib/python3.12/site-packages/bluerov2_interface/bluerov2_interface_s__rosidl_typesupport_fastrtps_c.so
-- Up-to-date symlink: /home/ju/Documents/BlueROV/bluerov2_interface/install/bluerov2_interface/lib/python3.12/site-packages/bluerov2_interface/bluerov2_interface_s__rosidl_typesupport_introspection_c.so
-- Up-to-date symlink: /home/ju/Documents/BlueROV/bluerov2_interface/install/bluerov2_interface/lib/python3.12/site-packages/bluerov2_interface/bluerov2_interface_s__rosidl_typesupport_c.so
-- Up-to-date symlink: /home/ju/Documents/BlueROV/bluerov2_interface/install/bluerov2_interface/share/bluerov2_interface/srv/SetMode.idl
-- Up-to-date symlink: /home/ju/Documents/BlueROV/bluerov2_interface/install/bluerov2_interface/share/bluerov2_interface/srv/SetMode.srv
-- Up-to-date symlink: /home/ju/Documents/BlueROV/bluerov2_interface/install/bluerov2_interface/lib/python3.12/site-packages/bluerov2_bridge-0.0.0-py3.12.egg-info/PKG-INFO
-- Up-to-date symlink: /home/ju/Documents/BlueROV/bluerov2_interface/install/bluerov2_interface/lib/python3.12/site-packages/bluerov2_bridge-0.0.0-py3.12.egg-info/SOURCES.txt
-- Up-to-date symlink: /home/ju/Documents/BlueROV/bluerov2_interface/install/bluerov2_interface/lib/python3.12/site-packages/bluerov2_bridge-0.0.0-py3.12.egg-info/dependency_links.txt
-- Up-to-date symlink: /home/ju/Documents/BlueROV/bluerov2_interface/install/bluerov2_interface/lib/python3.12/site-packages/bluerov2_bridge-0.0.0-py3.12.egg-info/top_level.txt
-- Up-to-date symlink: /home/ju/Documents/BlueROV/bluerov2_interface/install/bluerov2_interface/lib/python3.12/site-packages/bluerov2_bridge/__init__.py
-- Up-to-date symlink: /home/ju/Documents/BlueROV/bluerov2_interface/install/bluerov2_interface/lib/python3.12/site-packages/bluerov2_bridge/bridge.py
-- Up-to-date symlink: /home/ju/Documents/BlueROV/bluerov2_interface/install/bluerov2_interface/lib/python3.12/site-packages/bluerov2_bridge/publishers.py
-- Up-to-date symlink: /home/ju/Documents/BlueROV/bluerov2_interface/install/bluerov2_interface/lib/python3.12/site-packages/bluerov2_bridge/services.py
-- Up-to-date symlink: /home/ju/Documents/BlueROV/bluerov2_interface/install/bluerov2_interface/lib/python3.12/site-packages/bluerov2_bridge/subscribers.py
-- Up-to-date symlink: /home/ju/Documents/BlueROV/bluerov2_interface/install/bluerov2_interface/lib/bluerov2_interface/node.py
-- Up-to-date symlink: /home/ju/Documents/BlueROV/bluerov2_interface/install/bluerov2_interface/lib/bluerov2_interface/teleop.py
-- Up-to-date symlink: /home/ju/Documents/BlueROV/bluerov2_interface/install/bluerov2_interface/share/bluerov2_interface//launch/bluerov2_launch.xml
-- Up-to-date symlink: /home/ju/Documents/BlueROV/bluerov2_interface/install/bluerov2_interface/share/ament_index/resource_index/package_run_dependencies/bluerov2_interface
-- Up-to-date symlink: /home/ju/Documents/BlueROV/bluerov2_interface/install/bluerov2_interface/share/ament_index/resource_index/parent_prefix_path/bluerov2_interface
-- Up-to-date symlink: /home/ju/Documents/BlueROV/bluerov2_interface/install/bluerov2_interface/share/bluerov2_interface/environment/ament_prefix_path.sh
-- Up-to-date symlink: /home/ju/Documents/BlueROV/bluerov2_interface/install/bluerov2_interface/share/bluerov2_interface/environment/ament_prefix_path.dsv
-- Up-to-date symlink: /home/ju/Documents/BlueROV/bluerov2_interface/install/bluerov2_interface/share/bluerov2_interface/environment/path.sh
-- Up-to-date symlink: /home/ju/Documents/BlueROV/bluerov2_interface/install/bluerov2_interface/share/bluerov2_interface/environment/path.dsv
-- Up-to-date symlink: /home/ju/Documents/BlueROV/bluerov2_interface/install/bluerov2_interface/share/bluerov2_interface/local_setup.bash
-- Up-to-date symlink: /home/ju/Documents/BlueROV/bluerov2_interface/install/bluerov2_interface/share/bluerov2_interface/local_setup.sh
-- Up-to-date symlink: /home/ju/Documents/BlueROV/bluerov2_interface/install/bluerov2_interface/share/bluerov2_interface/local_setup.zsh
-- Up-to-date symlink: /home/ju/Documents/BlueROV/bluerov2_interface/install/bluerov2_interface/share/bluerov2_interface/local_setup.dsv
-- Symlinking: /home/ju/Documents/BlueROV/bluerov2_interface/install/bluerov2_interface/share/bluerov2_interface/package.dsv
-- Up-to-date symlink: /home/ju/Documents/BlueROV/bluerov2_interface/install/bluerov2_interface/share/ament_index/resource_index/packages/bluerov2_interface
-- Up-to-date symlink: /home/ju/Documents/BlueROV/bluerov2_interface/install/bluerov2_interface/share/bluerov2_interface/cmake/rosidl_cmake-extras.cmake
-- Up-to-date symlink: /home/ju/Documents/BlueROV/bluerov2_interface/install/bluerov2_interface/share/bluerov2_interface/cmake/ament_cmake_export_dependencies-extras.cmake
-- Up-to-date symlink: /home/ju/Documents/BlueROV/bluerov2_interface/install/bluerov2_interface/share/bluerov2_interface/cmake/ament_cmake_export_include_directories-extras.cmake
-- Up-to-date symlink: /home/ju/Documents/BlueROV/bluerov2_interface/install/bluerov2_interface/share/bluerov2_interface/cmake/ament_cmake_export_libraries-extras.cmake
-- Up-to-date symlink: /home/ju/Documents/BlueROV/bluerov2_interface/install/bluerov2_interface/share/bluerov2_interface/cmake/ament_cmake_export_targets-extras.cmake
-- Up-to-date symlink: /home/ju/Documents/BlueROV/bluerov2_interface/install/bluerov2_interface/share/bluerov2_interface/cmake/rosidl_cmake_export_typesupport_targets-extras.cmake
-- Up-to-date symlink: /home/ju/Documents/BlueROV/bluerov2_interface/install/bluerov2_interface/share/bluerov2_interface/cmake/rosidl_cmake_export_typesupport_libraries-extras.cmake
-- Up-to-date symlink: /home/ju/Documents/BlueROV/bluerov2_interface/install/bluerov2_interface/share/bluerov2_interface/cmake/bluerov2_interfaceConfig.cmake
-- Up-to-date symlink: /home/ju/Documents/BlueROV/bluerov2_interface/install/bluerov2_interface/share/bluerov2_interface/cmake/bluerov2_interfaceConfig-version.cmake
-- Up-to-date symlink: /home/ju/Documents/BlueROV/bluerov2_interface/install/bluerov2_interface/share/bluerov2_interface/package.xml
Listing '/home/ju/Documents/BlueROV/bluerov2_interface/install/bluerov2_interface/lib/python3.12/site-packages/bluerov2_interface'...
Listing '/home/ju/Documents/BlueROV/bluerov2_interface/install/bluerov2_interface/lib/python3.12/site-packages/bluerov2_interface/srv'...
Listing '/home/ju/Documents/BlueROV/bluerov2_interface/install/bluerov2_interface/lib/python3.12/site-packages/bluerov2_bridge'...
