[0.015s] Invoking command in '/home/ju/Documents/BlueROV/bluerov2_interface/build/bluerov2_interface': CMAKE_PREFIX_PATH=/home/ju/ros2_ws/install/ueye_cam:/home/ju/ros2_ws/install/cola2_stonefish:/home/ju/ros2_ws/install/stonefish_ros2:/opt/ros/jazzy:/home/ju/ros2_ws/install/cola2_msgs:/opt/ros/jazzy/opt/gz_math_vendor:/opt/ros/jazzy/opt/gz_utils_vendor:/opt/ros/jazzy/opt/gz_cmake_vendor DEBUGINFOD_URLS=https://debuginfod.ubuntu.com /usr/bin/cmake --build /home/ju/Documents/BlueROV/bluerov2_interface/build/bluerov2_interface -- -j22 -l22
[0.088s] [  2%] Built target bluerov2_interface__rosidl_generator_type_description
[0.102s] [  2%] Built target ament_cmake_python_symlink_bluerov2_interface
[0.102s] [  2%] Built target ament_cmake_python_symlink_bluerov2_bridge
[0.117s] [  5%] Built target bluerov2_interface__cpp
[0.118s] [ 20%] Built target bluerov2_interface__rosidl_generator_c
[0.146s] [ 29%] Built target bluerov2_interface__rosidl_typesupport_introspection_c
[0.146s] [ 38%] Built target bluerov2_interface__rosidl_typesupport_c
[0.147s] [ 47%] Built target bluerov2_interface__rosidl_typesupport_cpp
[0.148s] [ 55%] Built target bluerov2_interface__rosidl_typesupport_fastrtps_c
[0.151s] [ 64%] Built target bluerov2_interface__rosidl_typesupport_introspection_cpp
[0.151s] [ 73%] Built target bluerov2_interface__rosidl_typesupport_fastrtps_cpp
[0.177s] [ 73%] Built target bluerov2_interface
[0.210s] [ 76%] Built target bluerov2_interface__py
[0.250s] [ 82%] Built target bluerov2_interface__rosidl_generator_py
[0.289s] [100%] Built target bluerov2_interface_s__rosidl_typesupport_introspection_c
[0.290s] [100%] Built target bluerov2_interface_s__rosidl_typesupport_fastrtps_c
[0.290s] [100%] Built target bluerov2_interface_s__rosidl_typesupport_c
[0.318s] running egg_info
[0.318s] running egg_info
[0.331s] writing bluerov2_interface.egg-info/PKG-INFO
[0.332s] writing bluerov2_bridge.egg-info/PKG-INFO
[0.332s] writing dependency_links to bluerov2_bridge.egg-info/dependency_links.txt
[0.332s] writing dependency_links to bluerov2_interface.egg-info/dependency_links.txt
[0.332s] writing top-level names to bluerov2_interface.egg-info/top_level.txt
[0.332s] writing top-level names to bluerov2_bridge.egg-info/top_level.txt
[0.370s] reading manifest file 'bluerov2_interface.egg-info/SOURCES.txt'
[0.370s] reading manifest file 'bluerov2_bridge.egg-info/SOURCES.txt'
[0.371s] writing manifest file 'bluerov2_interface.egg-info/SOURCES.txt'
[0.371s] writing manifest file 'bluerov2_bridge.egg-info/SOURCES.txt'
[0.406s] [100%] Built target ament_cmake_python_build_bluerov2_bridge_egg
[0.407s] [100%] Built target ament_cmake_python_build_bluerov2_interface_egg
[0.422s] Invoked command in '/home/ju/Documents/BlueROV/bluerov2_interface/build/bluerov2_interface' returned '0': CMAKE_PREFIX_PATH=/home/ju/ros2_ws/install/ueye_cam:/home/ju/ros2_ws/install/cola2_stonefish:/home/ju/ros2_ws/install/stonefish_ros2:/opt/ros/jazzy:/home/ju/ros2_ws/install/cola2_msgs:/opt/ros/jazzy/opt/gz_math_vendor:/opt/ros/jazzy/opt/gz_utils_vendor:/opt/ros/jazzy/opt/gz_cmake_vendor DEBUGINFOD_URLS=https://debuginfod.ubuntu.com /usr/bin/cmake --build /home/ju/Documents/BlueROV/bluerov2_interface/build/bluerov2_interface -- -j22 -l22
[0.436s] Invoking command in '/home/ju/Documents/BlueROV/bluerov2_interface/build/bluerov2_interface': CMAKE_PREFIX_PATH=/home/ju/ros2_ws/install/ueye_cam:/home/ju/ros2_ws/install/cola2_stonefish:/home/ju/ros2_ws/install/stonefish_ros2:/opt/ros/jazzy:/home/ju/ros2_ws/install/cola2_msgs:/opt/ros/jazzy/opt/gz_math_vendor:/opt/ros/jazzy/opt/gz_utils_vendor:/opt/ros/jazzy/opt/gz_cmake_vendor DEBUGINFOD_URLS=https://debuginfod.ubuntu.com /usr/bin/cmake --install /home/ju/Documents/BlueROV/bluerov2_interface/build/bluerov2_interface
[0.449s] -- Install configuration: ""
[0.450s] -- Execute custom install script
[0.450s] -- Up-to-date symlink: /home/ju/Documents/BlueROV/bluerov2_interface/install/bluerov2_interface/share/ament_index/resource_index/rosidl_interfaces/bluerov2_interface
[0.450s] -- Up-to-date symlink: /home/ju/Documents/BlueROV/bluerov2_interface/install/bluerov2_interface/share/bluerov2_interface/srv/SetMode.json
[0.450s] -- Up-to-date symlink: /home/ju/Documents/BlueROV/bluerov2_interface/install/bluerov2_interface/include/bluerov2_interface/bluerov2_interface/msg/rosidl_generator_c__visibility_control.h
[0.451s] -- Up-to-date symlink: /home/ju/Documents/BlueROV/bluerov2_interface/install/bluerov2_interface/include/bluerov2_interface/bluerov2_interface/srv/detail/set_mode__functions.h
[0.451s] -- Up-to-date symlink: /home/ju/Documents/BlueROV/bluerov2_interface/install/bluerov2_interface/include/bluerov2_interface/bluerov2_interface/srv/detail/set_mode__struct.h
[0.451s] -- Up-to-date symlink: /home/ju/Documents/BlueROV/bluerov2_interface/install/bluerov2_interface/include/bluerov2_interface/bluerov2_interface/srv/detail/set_mode__type_support.h
[0.451s] -- Up-to-date symlink: /home/ju/Documents/BlueROV/bluerov2_interface/install/bluerov2_interface/include/bluerov2_interface/bluerov2_interface/srv/set_mode.h
[0.452s] -- Up-to-date symlink: /home/ju/Documents/BlueROV/bluerov2_interface/install/bluerov2_interface/share/bluerov2_interface/environment/library_path.sh
[0.452s] -- Up-to-date symlink: /home/ju/Documents/BlueROV/bluerov2_interface/install/bluerov2_interface/share/bluerov2_interface/environment/library_path.dsv
[0.452s] -- Up-to-date symlink: /home/ju/Documents/BlueROV/bluerov2_interface/install/bluerov2_interface/include/bluerov2_interface/bluerov2_interface/msg/rosidl_typesupport_fastrtps_c__visibility_control.h
[0.452s] -- Up-to-date symlink: /home/ju/Documents/BlueROV/bluerov2_interface/install/bluerov2_interface/include/bluerov2_interface/bluerov2_interface/srv/detail/set_mode__rosidl_typesupport_fastrtps_c.h
[0.452s] -- Up-to-date symlink: /home/ju/Documents/BlueROV/bluerov2_interface/install/bluerov2_interface/include/bluerov2_interface/bluerov2_interface/msg/rosidl_generator_cpp__visibility_control.hpp
[0.452s] -- Up-to-date symlink: /home/ju/Documents/BlueROV/bluerov2_interface/install/bluerov2_interface/include/bluerov2_interface/bluerov2_interface/srv/detail/set_mode__builder.hpp
[0.453s] -- Up-to-date symlink: /home/ju/Documents/BlueROV/bluerov2_interface/install/bluerov2_interface/include/bluerov2_interface/bluerov2_interface/srv/detail/set_mode__struct.hpp
[0.453s] -- Up-to-date symlink: /home/ju/Documents/BlueROV/bluerov2_interface/install/bluerov2_interface/include/bluerov2_interface/bluerov2_interface/srv/detail/set_mode__traits.hpp
[0.453s] -- Up-to-date symlink: /home/ju/Documents/BlueROV/bluerov2_interface/install/bluerov2_interface/include/bluerov2_interface/bluerov2_interface/srv/detail/set_mode__type_support.hpp
[0.453s] -- Up-to-date symlink: /home/ju/Documents/BlueROV/bluerov2_interface/install/bluerov2_interface/include/bluerov2_interface/bluerov2_interface/srv/set_mode.hpp
[0.453s] -- Up-to-date symlink: /home/ju/Documents/BlueROV/bluerov2_interface/install/bluerov2_interface/include/bluerov2_interface/bluerov2_interface/msg/rosidl_typesupport_fastrtps_cpp__visibility_control.h
[0.453s] -- Up-to-date symlink: /home/ju/Documents/BlueROV/bluerov2_interface/install/bluerov2_interface/include/bluerov2_interface/bluerov2_interface/srv/detail/set_mode__rosidl_typesupport_fastrtps_cpp.hpp
[0.454s] -- Up-to-date symlink: /home/ju/Documents/BlueROV/bluerov2_interface/install/bluerov2_interface/include/bluerov2_interface/bluerov2_interface/msg/rosidl_typesupport_introspection_c__visibility_control.h
[0.454s] -- Up-to-date symlink: /home/ju/Documents/BlueROV/bluerov2_interface/install/bluerov2_interface/include/bluerov2_interface/bluerov2_interface/srv/detail/set_mode__rosidl_typesupport_introspection_c.h
[0.454s] -- Up-to-date symlink: /home/ju/Documents/BlueROV/bluerov2_interface/install/bluerov2_interface/include/bluerov2_interface/bluerov2_interface/srv/detail/set_mode__rosidl_typesupport_introspection_cpp.hpp
[0.454s] -- Up-to-date symlink: /home/ju/Documents/BlueROV/bluerov2_interface/install/bluerov2_interface/share/bluerov2_interface/environment/pythonpath.sh
[0.454s] -- Up-to-date symlink: /home/ju/Documents/BlueROV/bluerov2_interface/install/bluerov2_interface/share/bluerov2_interface/environment/pythonpath.dsv
[0.455s] -- Up-to-date symlink: /home/ju/Documents/BlueROV/bluerov2_interface/install/bluerov2_interface/lib/python3.12/site-packages/bluerov2_interface-0.0.0-py3.12.egg-info/PKG-INFO
[0.455s] -- Up-to-date symlink: /home/ju/Documents/BlueROV/bluerov2_interface/install/bluerov2_interface/lib/python3.12/site-packages/bluerov2_interface-0.0.0-py3.12.egg-info/SOURCES.txt
[0.455s] -- Up-to-date symlink: /home/ju/Documents/BlueROV/bluerov2_interface/install/bluerov2_interface/lib/python3.12/site-packages/bluerov2_interface-0.0.0-py3.12.egg-info/dependency_links.txt
[0.455s] -- Up-to-date symlink: /home/ju/Documents/BlueROV/bluerov2_interface/install/bluerov2_interface/lib/python3.12/site-packages/bluerov2_interface-0.0.0-py3.12.egg-info/top_level.txt
[0.456s] -- Up-to-date symlink: /home/ju/Documents/BlueROV/bluerov2_interface/install/bluerov2_interface/lib/python3.12/site-packages/bluerov2_interface/__init__.py
[0.456s] -- Up-to-date symlink: /home/ju/Documents/BlueROV/bluerov2_interface/install/bluerov2_interface/lib/python3.12/site-packages/bluerov2_interface/_bluerov2_interface_s.ep.rosidl_typesupport_c.c
[0.456s] -- Up-to-date symlink: /home/ju/Documents/BlueROV/bluerov2_interface/install/bluerov2_interface/lib/python3.12/site-packages/bluerov2_interface/_bluerov2_interface_s.ep.rosidl_typesupport_fastrtps_c.c
[0.456s] -- Up-to-date symlink: /home/ju/Documents/BlueROV/bluerov2_interface/install/bluerov2_interface/lib/python3.12/site-packages/bluerov2_interface/_bluerov2_interface_s.ep.rosidl_typesupport_introspection_c.c
[0.456s] -- Up-to-date symlink: /home/ju/Documents/BlueROV/bluerov2_interface/install/bluerov2_interface/lib/python3.12/site-packages/bluerov2_interface/bluerov2_interface_s__rosidl_typesupport_c.so
[0.456s] -- Up-to-date symlink: /home/ju/Documents/BlueROV/bluerov2_interface/install/bluerov2_interface/lib/python3.12/site-packages/bluerov2_interface/bluerov2_interface_s__rosidl_typesupport_fastrtps_c.so
[0.456s] -- Up-to-date symlink: /home/ju/Documents/BlueROV/bluerov2_interface/install/bluerov2_interface/lib/python3.12/site-packages/bluerov2_interface/bluerov2_interface_s__rosidl_typesupport_introspection_c.so
[0.456s] -- Up-to-date symlink: /home/ju/Documents/BlueROV/bluerov2_interface/install/bluerov2_interface/lib/python3.12/site-packages/bluerov2_interface/srv/__init__.py
[0.456s] -- Up-to-date symlink: /home/ju/Documents/BlueROV/bluerov2_interface/install/bluerov2_interface/lib/python3.12/site-packages/bluerov2_interface/srv/_set_mode.py
[0.457s] -- Up-to-date symlink: /home/ju/Documents/BlueROV/bluerov2_interface/install/bluerov2_interface/lib/python3.12/site-packages/bluerov2_interface/srv/_set_mode_s.c
[0.457s] -- Up-to-date symlink: /home/ju/Documents/BlueROV/bluerov2_interface/install/bluerov2_interface/lib/python3.12/site-packages/bluerov2_interface/bluerov2_interface_s__rosidl_typesupport_fastrtps_c.so
[0.457s] -- Up-to-date symlink: /home/ju/Documents/BlueROV/bluerov2_interface/install/bluerov2_interface/lib/python3.12/site-packages/bluerov2_interface/bluerov2_interface_s__rosidl_typesupport_introspection_c.so
[0.457s] -- Up-to-date symlink: /home/ju/Documents/BlueROV/bluerov2_interface/install/bluerov2_interface/lib/python3.12/site-packages/bluerov2_interface/bluerov2_interface_s__rosidl_typesupport_c.so
[0.457s] -- Up-to-date symlink: /home/ju/Documents/BlueROV/bluerov2_interface/install/bluerov2_interface/share/bluerov2_interface/srv/SetMode.idl
[0.457s] -- Up-to-date symlink: /home/ju/Documents/BlueROV/bluerov2_interface/install/bluerov2_interface/share/bluerov2_interface/srv/SetMode.srv
[0.458s] -- Up-to-date symlink: /home/ju/Documents/BlueROV/bluerov2_interface/install/bluerov2_interface/lib/python3.12/site-packages/bluerov2_bridge-0.0.0-py3.12.egg-info/PKG-INFO
[0.458s] -- Up-to-date symlink: /home/ju/Documents/BlueROV/bluerov2_interface/install/bluerov2_interface/lib/python3.12/site-packages/bluerov2_bridge-0.0.0-py3.12.egg-info/SOURCES.txt
[0.458s] -- Up-to-date symlink: /home/ju/Documents/BlueROV/bluerov2_interface/install/bluerov2_interface/lib/python3.12/site-packages/bluerov2_bridge-0.0.0-py3.12.egg-info/dependency_links.txt
[0.458s] -- Up-to-date symlink: /home/ju/Documents/BlueROV/bluerov2_interface/install/bluerov2_interface/lib/python3.12/site-packages/bluerov2_bridge-0.0.0-py3.12.egg-info/top_level.txt
[0.458s] -- Up-to-date symlink: /home/ju/Documents/BlueROV/bluerov2_interface/install/bluerov2_interface/lib/python3.12/site-packages/bluerov2_bridge/__init__.py
[0.458s] -- Up-to-date symlink: /home/ju/Documents/BlueROV/bluerov2_interface/install/bluerov2_interface/lib/python3.12/site-packages/bluerov2_bridge/bridge.py
[0.459s] -- Up-to-date symlink: /home/ju/Documents/BlueROV/bluerov2_interface/install/bluerov2_interface/lib/python3.12/site-packages/bluerov2_bridge/publishers.py
[0.459s] -- Up-to-date symlink: /home/ju/Documents/BlueROV/bluerov2_interface/install/bluerov2_interface/lib/python3.12/site-packages/bluerov2_bridge/services.py
[0.459s] -- Up-to-date symlink: /home/ju/Documents/BlueROV/bluerov2_interface/install/bluerov2_interface/lib/python3.12/site-packages/bluerov2_bridge/subscribers.py
[0.459s] -- Up-to-date symlink: /home/ju/Documents/BlueROV/bluerov2_interface/install/bluerov2_interface/lib/bluerov2_interface/node.py
[0.460s] -- Up-to-date symlink: /home/ju/Documents/BlueROV/bluerov2_interface/install/bluerov2_interface/lib/bluerov2_interface/teleop.py
[0.460s] -- Up-to-date symlink: /home/ju/Documents/BlueROV/bluerov2_interface/install/bluerov2_interface/share/bluerov2_interface//launch/bluerov2_launch.xml
[0.460s] -- Up-to-date symlink: /home/ju/Documents/BlueROV/bluerov2_interface/install/bluerov2_interface/share/ament_index/resource_index/package_run_dependencies/bluerov2_interface
[0.460s] -- Up-to-date symlink: /home/ju/Documents/BlueROV/bluerov2_interface/install/bluerov2_interface/share/ament_index/resource_index/parent_prefix_path/bluerov2_interface
[0.460s] -- Up-to-date symlink: /home/ju/Documents/BlueROV/bluerov2_interface/install/bluerov2_interface/share/bluerov2_interface/environment/ament_prefix_path.sh
[0.460s] -- Up-to-date symlink: /home/ju/Documents/BlueROV/bluerov2_interface/install/bluerov2_interface/share/bluerov2_interface/environment/ament_prefix_path.dsv
[0.460s] -- Up-to-date symlink: /home/ju/Documents/BlueROV/bluerov2_interface/install/bluerov2_interface/share/bluerov2_interface/environment/path.sh
[0.460s] -- Up-to-date symlink: /home/ju/Documents/BlueROV/bluerov2_interface/install/bluerov2_interface/share/bluerov2_interface/environment/path.dsv
[0.461s] -- Up-to-date symlink: /home/ju/Documents/BlueROV/bluerov2_interface/install/bluerov2_interface/share/bluerov2_interface/local_setup.bash
[0.461s] -- Up-to-date symlink: /home/ju/Documents/BlueROV/bluerov2_interface/install/bluerov2_interface/share/bluerov2_interface/local_setup.sh
[0.461s] -- Up-to-date symlink: /home/ju/Documents/BlueROV/bluerov2_interface/install/bluerov2_interface/share/bluerov2_interface/local_setup.zsh
[0.461s] -- Up-to-date symlink: /home/ju/Documents/BlueROV/bluerov2_interface/install/bluerov2_interface/share/bluerov2_interface/local_setup.dsv
[0.461s] -- Symlinking: /home/ju/Documents/BlueROV/bluerov2_interface/install/bluerov2_interface/share/bluerov2_interface/package.dsv
[0.478s] -- Up-to-date symlink: /home/ju/Documents/BlueROV/bluerov2_interface/install/bluerov2_interface/share/ament_index/resource_index/packages/bluerov2_interface
[0.478s] -- Up-to-date symlink: /home/ju/Documents/BlueROV/bluerov2_interface/install/bluerov2_interface/share/bluerov2_interface/cmake/rosidl_cmake-extras.cmake
[0.478s] -- Up-to-date symlink: /home/ju/Documents/BlueROV/bluerov2_interface/install/bluerov2_interface/share/bluerov2_interface/cmake/ament_cmake_export_dependencies-extras.cmake
[0.479s] -- Up-to-date symlink: /home/ju/Documents/BlueROV/bluerov2_interface/install/bluerov2_interface/share/bluerov2_interface/cmake/ament_cmake_export_include_directories-extras.cmake
[0.479s] -- Up-to-date symlink: /home/ju/Documents/BlueROV/bluerov2_interface/install/bluerov2_interface/share/bluerov2_interface/cmake/ament_cmake_export_libraries-extras.cmake
[0.479s] -- Up-to-date symlink: /home/ju/Documents/BlueROV/bluerov2_interface/install/bluerov2_interface/share/bluerov2_interface/cmake/ament_cmake_export_targets-extras.cmake
[0.479s] -- Up-to-date symlink: /home/ju/Documents/BlueROV/bluerov2_interface/install/bluerov2_interface/share/bluerov2_interface/cmake/rosidl_cmake_export_typesupport_targets-extras.cmake
[0.479s] -- Up-to-date symlink: /home/ju/Documents/BlueROV/bluerov2_interface/install/bluerov2_interface/share/bluerov2_interface/cmake/rosidl_cmake_export_typesupport_libraries-extras.cmake
[0.479s] -- Up-to-date symlink: /home/ju/Documents/BlueROV/bluerov2_interface/install/bluerov2_interface/share/bluerov2_interface/cmake/bluerov2_interfaceConfig.cmake
[0.479s] -- Up-to-date symlink: /home/ju/Documents/BlueROV/bluerov2_interface/install/bluerov2_interface/share/bluerov2_interface/cmake/bluerov2_interfaceConfig-version.cmake
[0.479s] -- Up-to-date symlink: /home/ju/Documents/BlueROV/bluerov2_interface/install/bluerov2_interface/share/bluerov2_interface/package.xml
[0.528s] Listing '/home/ju/Documents/BlueROV/bluerov2_interface/install/bluerov2_interface/lib/python3.12/site-packages/bluerov2_interface'...
[0.528s] Listing '/home/ju/Documents/BlueROV/bluerov2_interface/install/bluerov2_interface/lib/python3.12/site-packages/bluerov2_interface/srv'...
[0.578s] Listing '/home/ju/Documents/BlueROV/bluerov2_interface/install/bluerov2_interface/lib/python3.12/site-packages/bluerov2_bridge'...
[0.590s] Invoked command in '/home/ju/Documents/BlueROV/bluerov2_interface/build/bluerov2_interface' returned '0': CMAKE_PREFIX_PATH=/home/ju/ros2_ws/install/ueye_cam:/home/ju/ros2_ws/install/cola2_stonefish:/home/ju/ros2_ws/install/stonefish_ros2:/opt/ros/jazzy:/home/ju/ros2_ws/install/cola2_msgs:/opt/ros/jazzy/opt/gz_math_vendor:/opt/ros/jazzy/opt/gz_utils_vendor:/opt/ros/jazzy/opt/gz_cmake_vendor DEBUGINFOD_URLS=https://debuginfod.ubuntu.com /usr/bin/cmake --install /home/ju/Documents/BlueROV/bluerov2_interface/build/bluerov2_interface
